Archive member included to satisfy reference by file (symbol)

/home/piotro/litex/buildroot/output/host/riscv32-buildroot-linux-uclibc/sysroot/usr/lib/libc.a(access.os)
                              /tmp/ccd7f0yE.o (symbol from plugin) (access)
/home/piotro/litex/buildroot/output/host/riscv32-buildroot-linux-uclibc/sysroot/usr/lib/libc.a(close.os)
                              /tmp/ccHG0eus.o (symbol from plugin) (close)
/home/piotro/litex/buildroot/output/host/riscv32-buildroot-linux-uclibc/sysroot/usr/lib/libc.a(faccessat.os)
                              /home/piotro/litex/buildroot/output/host/riscv32-buildroot-linux-uclibc/sysroot/usr/lib/libc.a(access.os) (__GI_faccessat)
/home/piotro/litex/buildroot/output/host/riscv32-buildroot-linux-uclibc/sysroot/usr/lib/libc.a(fstat.os)
                              /tmp/ccd7f0yE.o (symbol from plugin) (fstat)
/home/piotro/litex/buildroot/output/host/riscv32-buildroot-linux-uclibc/sysroot/usr/lib/libc.a(gettimeofday.os)
                              /tmp/ccvfhczU.o (symbol from plugin) (gettimeofday)
/home/piotro/litex/buildroot/output/host/riscv32-buildroot-linux-uclibc/sysroot/usr/lib/libc.a(ioctl.os)
                              /tmp/ccE5V47W.o (symbol from plugin) (ioctl)
/home/piotro/litex/buildroot/output/host/riscv32-buildroot-linux-uclibc/sysroot/usr/lib/libc.a(open.os)
                              /tmp/ccHG0eus.o (symbol from plugin) (open)
/home/piotro/litex/buildroot/output/host/riscv32-buildroot-linux-uclibc/sysroot/usr/lib/libc.a(read.os)
                              /tmp/ccE5V47W.o (symbol from plugin) (read)
/home/piotro/litex/buildroot/output/host/riscv32-buildroot-linux-uclibc/sysroot/usr/lib/libc.a(statx_cp.os)
                              /home/piotro/litex/buildroot/output/host/riscv32-buildroot-linux-uclibc/sysroot/usr/lib/libc.a(fstat.os) (__cp_stat_statx)
/home/piotro/litex/buildroot/output/host/riscv32-buildroot-linux-uclibc/sysroot/usr/lib/libc.a(write.os)
                              /tmp/ccE5V47W.o (symbol from plugin) (write)
/home/piotro/litex/buildroot/output/host/riscv32-buildroot-linux-uclibc/sysroot/usr/lib/libc.a(__ctype_toupper_loc.os)
                              /tmp/ccgx6I9R.o (symbol from plugin) (__ctype_toupper_loc)
/home/piotro/litex/buildroot/output/host/riscv32-buildroot-linux-uclibc/sysroot/usr/lib/libc.a(__errno_location.os)
                              /home/piotro/litex/buildroot/output/host/riscv32-buildroot-linux-uclibc/sysroot/usr/lib/libc.a(close.os) (__errno_location)
/home/piotro/litex/buildroot/output/host/riscv32-buildroot-linux-uclibc/sysroot/usr/lib/libc.a(__curlocale.os)
                              /home/piotro/litex/buildroot/output/host/riscv32-buildroot-linux-uclibc/sysroot/usr/lib/libc.a(__ctype_toupper_loc.os) (__GI___curlocale)
/home/piotro/litex/buildroot/output/host/riscv32-buildroot-linux-uclibc/sysroot/usr/lib/libc.a(fclose.os)
                              /tmp/ccQMqxhN.o (symbol from plugin) (fclose)
/home/piotro/litex/buildroot/output/host/riscv32-buildroot-linux-uclibc/sysroot/usr/lib/libc.a(fopen.os)
                              /tmp/ccAreAGF.o (symbol from plugin) (fopen)
/home/piotro/litex/buildroot/output/host/riscv32-buildroot-linux-uclibc/sysroot/usr/lib/libc.a(setbuf.os)
                              /tmp/ccAreAGF.o (symbol from plugin) (setbuf)
/home/piotro/litex/buildroot/output/host/riscv32-buildroot-linux-uclibc/sysroot/usr/lib/libc.a(setvbuf.os)
                              /home/piotro/litex/buildroot/output/host/riscv32-buildroot-linux-uclibc/sysroot/usr/lib/libc.a(setbuf.os) (__GI_setvbuf)
/home/piotro/litex/buildroot/output/host/riscv32-buildroot-linux-uclibc/sysroot/usr/lib/libc.a(_fopen.os)
                              /home/piotro/litex/buildroot/output/host/riscv32-buildroot-linux-uclibc/sysroot/usr/lib/libc.a(fopen.os) (_stdio_fopen)
/home/piotro/litex/buildroot/output/host/riscv32-buildroot-linux-uclibc/sysroot/usr/lib/libc.a(_stdio.os)
                              /home/piotro/litex/buildroot/output/host/riscv32-buildroot-linux-uclibc/sysroot/usr/lib/libc.a(_fopen.os) (__stdio_init_mutex)
/home/piotro/litex/buildroot/output/host/riscv32-buildroot-linux-uclibc/sysroot/usr/lib/libc.a(_wcommit.os)
                              /home/piotro/litex/buildroot/output/host/riscv32-buildroot-linux-uclibc/sysroot/usr/lib/libc.a(_stdio.os) (__stdio_wcommit)
/home/piotro/litex/buildroot/output/host/riscv32-buildroot-linux-uclibc/sysroot/usr/lib/libc.a(fflush.os)
                              /tmp/ccvfhczU.o (symbol from plugin) (fflush)
/home/piotro/litex/buildroot/output/host/riscv32-buildroot-linux-uclibc/sysroot/usr/lib/libc.a(fgetc.os)
                              /tmp/ccAreAGF.o (symbol from plugin) (fgetc)
/home/piotro/litex/buildroot/output/host/riscv32-buildroot-linux-uclibc/sysroot/usr/lib/libc.a(fileno.os)
                              /tmp/ccE5V47W.o (symbol from plugin) (fileno)
[...]
Memory Configuration

Name             Origin             Length             Attributes
flatmem          0x00000000         0x0fffffff
*default*        0x00000000         0xffffffff

Linker script and memory map

LOAD /home/piotro/litex/buildroot/output/host/riscv32-buildroot-linux-uclibc/sysroot/usr/lib/crt1.o
LOAD /home/piotro/litex/buildroot/output/host/lib/gcc/riscv32-buildroot-linux-uclibc/13.3.0/crti.o
LOAD /home/piotro/litex/buildroot/output/host/lib/gcc/riscv32-buildroot-linux-uclibc/13.3.0/crtbeginT.o
LOAD /tmp/ccE5V47W.o
LOAD /tmp/cc5B7SpI.ltrans0.ltrans.o
LOAD /tmp/cc5B7SpI.ltrans1.ltrans.o
LOAD /tmp/cc5B7SpI.ltrans2.ltrans.o
LOAD /tmp/cc5B7SpI.ltrans3.ltrans.o
LOAD /tmp/ccRrjwaS.debug.temp.o
LOAD /tmp/ccR9Wniz.debug.temp.o
LOAD /tmp/ccQcFdda.debug.temp.o
LOAD /tmp/cc7jdpGf.debug.temp.o
LOAD /tmp/ccCBUsTz.debug.temp.o
LOAD /tmp/cc233fI6.debug.temp.o
LOAD /tmp/ccVVvX6J.debug.temp.o
LOAD /tmp/ccEZT0Sy.debug.temp.o
LOAD /tmp/ccChAZQY.debug.temp.o
LOAD /tmp/ccZ4fCYt.debug.temp.o
LOAD /tmp/ccMC76Ju.debug.temp.o
LOAD /tmp/ccV10mul.debug.temp.o
LOAD /tmp/ccqIeL5b.debug.temp.o
LOAD /tmp/cc2PlAnB.debug.temp.o
LOAD /tmp/ccIqpnSM.debug.temp.o
LOAD /tmp/ccNndafO.debug.temp.o
LOAD /tmp/ccVjvNuo.debug.temp.o
LOAD /tmp/ccICvgX6.debug.temp.o
LOAD /tmp/ccwboeO3.debug.temp.o
LOAD /tmp/ccYuDdgc.debug.temp.o
LOAD /tmp/cc2j60NK.debug.temp.o
LOAD /tmp/ccn3SzPV.debug.temp.o
LOAD /tmp/ccX8V9CT.debug.temp.o
LOAD /tmp/ccPlwwd0.debug.temp.o
LOAD /tmp/ccKlfPX5.debug.temp.o
LOAD /tmp/ccPau2o6.debug.temp.o
LOAD /tmp/ccdPgNyE.debug.temp.o
LOAD /tmp/ccdXFgY5.debug.temp.o
LOAD /tmp/ccWnQ4Er.debug.temp.o
LOAD /tmp/ccPjcR5N.debug.temp.o
LOAD /tmp/cc0QR3b6.debug.temp.o
LOAD /tmp/cctxtpDB.debug.temp.o
LOAD /tmp/cckgP40F.debug.temp.o
LOAD /tmp/cctbigQp.debug.temp.o
LOAD /tmp/ccI2wzGL.debug.temp.o
LOAD /tmp/cc5FZeE8.debug.temp.o
LOAD /tmp/ccEmrrFk.debug.temp.o
LOAD /tmp/cc7SXoXL.debug.temp.o
LOAD /tmp/cc4YcnH0.debug.temp.o
LOAD /tmp/ccnrjFCM.debug.temp.o
LOAD /tmp/ccDnTNXN.debug.temp.o
LOAD /tmp/cc5kGdFC.debug.temp.o
LOAD /tmp/ccaNiHqU.debug.temp.o
LOAD /tmp/cchTUTbu.debug.temp.o
LOAD /tmp/cctE1Xf8.debug.temp.o
LOAD /tmp/ccBacouJ.debug.temp.o
LOAD /tmp/ccqKc7sD.debug.temp.o
LOAD /tmp/cc9Ay6jj.debug.temp.o
LOAD /tmp/cc2s0ouX.debug.temp.o
LOAD /tmp/ccVzcgJf.debug.temp.o
LOAD /tmp/ccgh1BVH.debug.temp.o
LOAD /tmp/ccaVVDdm.debug.temp.o
LOAD /tmp/ccDBDill.debug.temp.o
LOAD /tmp/ccLW5Tgj.debug.temp.o
LOAD /tmp/ccYdqpkM.debug.temp.o
LOAD /tmp/ccW677k5.debug.temp.o
LOAD /tmp/ccRLaOU7.debug.temp.o
LOAD /tmp/cceP0alb.debug.temp.o
LOAD /tmp/cccu6gWT.debug.temp.o
LOAD /tmp/cck347I6.debug.temp.o
LOAD /tmp/ccd4xPXw.debug.temp.o
LOAD /tmp/ccwVP5O9.debug.temp.o
LOAD /tmp/cckN1JmD.debug.temp.o
LOAD /tmp/cc3Lh8jz.debug.temp.o
LOAD /tmp/ccVJlU0w.o
LOAD /tmp/cckCjIPs.o
LOAD /tmp/ccO4eE9C.o
LOAD /tmp/ccEBIKxE.o
LOAD /tmp/ccWp2ApJ.o
LOAD /tmp/ccvfhczU.o
LOAD /tmp/cc1HNwWZ.o
LOAD /tmp/ccgx6I9R.o
LOAD /tmp/ccKIvKlE.o
LOAD /tmp/ccAreAGF.o
LOAD /tmp/ccKoJA06.o
LOAD /tmp/ccei2FmC.o
LOAD /tmp/ccHG0eus.o
LOAD /tmp/ccd7f0yE.o
LOAD /tmp/ccSd73Or.o
LOAD /tmp/ccrigCNG.o
LOAD /tmp/ccltTiQm.o
LOAD /tmp/ccPJnS5Z.o
LOAD /tmp/cc6FTs8E.o
LOAD /tmp/ccNYtQtt.o
LOAD /tmp/ccKljdmw.o
LOAD /tmp/cct2w2Xm.o
LOAD /tmp/cc6zmYg6.o
LOAD /tmp/ccmQKtiP.o
LOAD /tmp/ccLWYHRj.o
LOAD /tmp/ccEwier1.o
LOAD /tmp/cc0Vfg0I.o
LOAD /tmp/ccoekjf0.o
LOAD /tmp/ccHlUuEw.o
LOAD /tmp/ccoFUcD6.o
LOAD /tmp/ccpqcft5.o
LOAD /tmp/ccXmBwJ9.o
LOAD /tmp/ccxs2tw4.o
LOAD /tmp/ccRvq34q.o
LOAD /tmp/cc5ChRRi.o
LOAD /tmp/ccRl5Q1W.o
LOAD /tmp/ccdRYMIu.o
LOAD /tmp/ccRBOX9O.o
LOAD /tmp/ccllzol8.o
LOAD /tmp/ccNDuQJG.o
LOAD /tmp/cc9EqlHc.o
LOAD /tmp/ccgRWHTu.o
LOAD /tmp/cc8YNueG.o
LOAD /tmp/ccZC8TQ6.o
LOAD /tmp/ccdbD80T.o
LOAD /tmp/cchqiFd0.o
LOAD /tmp/ccXK0FuE.o
LOAD /tmp/ccJtPy7X.o
LOAD /tmp/cc3rAWV9.o
LOAD /tmp/ccWaXl3j.o
LOAD /tmp/ccUvfDl9.o
LOAD /tmp/ccLaupeJ.o
LOAD /tmp/ccPXsCTb.o
LOAD /tmp/ccM8QYw5.o
LOAD /tmp/ccZBSKrT.o
LOAD /tmp/ccnqPPu4.o
LOAD /tmp/ccMQEbIP.o
LOAD /tmp/ccC1jKYb.o
LOAD /tmp/ccQMqxhN.o
LOAD /tmp/cczAXpKn.o
LOAD /tmp/cc3RMy8I.o
LOAD /tmp/ccpFXfC9.o
LOAD /tmp/ccwj4hqZ.o
LOAD /tmp/ccciFxA1.o
LOAD support/baked_texture_data.o
LOAD support/baked_map_data.o
LOAD support/rawwad_use.o
START GROUP
LOAD /home/piotro/litex/buildroot/output/host/lib/gcc/riscv32-buildroot-linux-uclibc/13.3.0/libgcc.a
LOAD /home/piotro/litex/buildroot/output/host/riscv32-buildroot-linux-uclibc/sysroot/usr/lib/libc.a
END GROUP
LOAD /home/piotro/litex/buildroot/output/host/lib/gcc/riscv32-buildroot-linux-uclibc/13.3.0/crtend.o
LOAD /home/piotro/litex/buildroot/output/host/lib/gcc/riscv32-buildroot-linux-uclibc/13.3.0/crtn.o

.text           0x00000000    0x4cc78
                0x00000004                        . = (. + 0x4)
 *fill*         0x00000000        0x4 
                0x00000004                        . = ALIGN (0x4)
                0x00000004                        _stext = .
 *(.literal .text)
 .text          0x00000004       0x38 /home/piotro/litex/buildroot/output/host/riscv32-buildroot-linux-uclibc/sysroot/usr/lib/crt1.o
                0x00000004                _start
 .text          0x0000003c       0xec /home/piotro/litex/buildroot/output/host/lib/gcc/riscv32-buildroot-linux-uclibc/13.3.0/crtbeginT.o
 .text          0x00000128       0x14 /home/piotro/litex/buildroot/output/host/riscv32-buildroot-linux-uclibc/sysroot/usr/lib/libc.a(access.os)
                0x00000128                access
 .text          0x0000013c       0x50 /home/piotro/litex/buildroot/output/host/riscv32-buildroot-linux-uclibc/sysroot/usr/lib/libc.a(close.os)
                0x0000013c                __GI_close
                0x0000013c                __libc_close
                0x0000013c                __close_nocancel
                0x0000013c                close
                0x00000180                __close_nocancel_no_status
 .text          0x0000018c       0x44 /home/piotro/litex/buildroot/output/host/riscv32-buildroot-linux-uclibc/sysroot/usr/lib/libc.a(faccessat.os)
                0x0000018c                faccessat
                0x0000018c                __GI_faccessat
 .text          0x000001d0       0x70 /home/piotro/litex/buildroot/output/host/riscv32-buildroot-linux-uclibc/sysroot/usr/lib/libc.a(fstat.os)
                0x000001d0                fstat
                0x000001d0                __GI_fstat
 .text          0x00000240       0x54 /home/piotro/litex/buildroot/output/host/riscv32-buildroot-linux-uclibc/sysroot/usr/lib/libc.a(gettimeofday.os)
                0x00000240                gettimeofday
                0x00000240                __GI_gettimeofday
 .text          0x00000294       0x64 /home/piotro/litex/buildroot/output/host/riscv32-buildroot-linux-uclibc/sysroot/usr/lib/libc.a(ioctl.os)
                0x00000294                ioctl
                0x00000294                __GI_ioctl
                0x00000294                __libc_ioctl
 .text          0x000002f8       0x64 /home/piotro/litex/buildroot/output/host/riscv32-buildroot-linux-uclibc/sysroot/usr/lib/libc.a(open.os)
                0x000002f8                __GI_open
                0x000002f8                __libc_open
                0x000002f8                open
                0x00000354                __open2_nocancel
                0x00000358                __open_nocancel
 .text          0x0000035c       0x44 /home/piotro/litex/buildroot/output/host/riscv32-buildroot-linux-uclibc/sysroot/usr/lib/libc.a(read.os)
                0x0000035c                __GI_read
                0x0000035c                __libc_read
                0x0000035c                __read_nocancel
                0x0000035c                read
 .text          0x000003a0      0x258 /home/piotro/litex/buildroot/output/host/riscv32-buildroot-linux-uclibc/sysroot/usr/lib/libc.a(statx_cp.os)
                0x000003a0                __cp_stat64_statx
                0x000004cc                __cp_stat_statx
 .text          0x000005f8       0x44 /home/piotro/litex/buildroot/output/host/riscv32-buildroot-linux-uclibc/sysroot/usr/lib/libc.a(write.os)
                0x000005f8                __GI_write
                0x000005f8                write
                0x000005f8                __write_nocancel
                0x000005f8                __libc_write
 .text          0x0000063c       0x1c /home/piotro/litex/buildroot/output/host/riscv32-buildroot-linux-uclibc/sysroot/usr/lib/libc.a(__ctype_toupper_loc.os)
                0x0000063c                __GI___ctype_toupper_loc
                0x0000063c                __ctype_toupper_loc
 .text          0x00000658       0x28 /home/piotro/litex/buildroot/output/host/riscv32-buildroot-linux-uclibc/sysroot/usr/lib/libc.a(__curlocale.os)
                0x00000658                __curlocale
                0x00000658                __GI___curlocale
                0x00000668                __GI___curlocale_set
                0x00000668                __curlocale_set
 .text          0x00000680      0x1c4 /home/piotro/litex/buildroot/output/host/riscv32-buildroot-linux-uclibc/sysroot/usr/lib/libc.a(fclose.os)
                0x00000680                __GI_fclose
                0x00000680                fclose
 .text          0x00000844        0xc /home/piotro/litex/buildroot/output/host/riscv32-buildroot-linux-uclibc/sysroot/usr/lib/libc.a(fopen.os)
                0x00000844                __GI_fopen
                0x00000844                fopen
 .text          0x00000850       0x10 /home/piotro/litex/buildroot/output/host/riscv32-buildroot-linux-uclibc/sysroot/usr/lib/libc.a(setbuf.os)
                0x00000850                setbuf
 .text          0x00000860      0x17c /home/piotro/litex/buildroot/output/host/riscv32-buildroot-linux-uclibc/sysroot/usr/lib/libc.a(setvbuf.os)
                0x00000860                setvbuf
                0x00000860                __GI_setvbuf
 .text          0x000009dc      0x31c /home/piotro/litex/buildroot/output/host/riscv32-buildroot-linux-uclibc/sysroot/usr/lib/libc.a(_fopen.os)
                0x000009dc                _stdio_fopen
 .text          0x00000cf8      0x178 /home/piotro/litex/buildroot/output/host/riscv32-buildroot-linux-uclibc/sysroot/usr/lib/libc.a(_stdio.os)
                0x00000cf8                __stdio_init_mutex
                0x00000d04                _stdio_term
                0x00000dfc                _stdio_init
 .text          0x00000e70       0x44 /home/piotro/litex/buildroot/output/host/riscv32-buildroot-linux-uclibc/sysroot/usr/lib/libc.a(_wcommit.os)
                0x00000e70                __stdio_wcommit
 .text          0x00000eb4       0xbc /home/piotro/litex/buildroot/output/host/riscv32-buildroot-linux-uclibc/sysroot/usr/lib/libc.a(fflush.os)
                0x00000eb4                fflush
                0x00000eb4                __GI_fflush
 .text          0x00000f70       0xe0 /home/piotro/litex/buildroot/output/host/riscv32-buildroot-linux-uclibc/sysroot/usr/lib/libc.a(fgetc.os)
                0x00000f70                __GI_fgetc
                0x00000f70                getc
                0x00000f70                fgetc
 .text          0x00001050       0x90 /home/piotro/litex/buildroot/output/host/riscv32-buildroot-linux-uclibc/sysroot/usr/lib/libc.a(fileno.os)
                0x00001050                __GI_fileno
                0x00001050                fileno
 .text          0x000010e0      0x3bc /home/piotro/litex/buildroot/output/host/riscv32-buildroot-linux-uclibc/sysroot/usr/lib/libc.a(fflush_unlocked.os)
                0x000010e0                _stdio_openlist_dec_use
                0x0000126c                fflush_unlocked
                0x0000126c                __GI_fflush_unlocked
 .text          0x0000149c      0x120 /home/piotro/litex/buildroot/output/host/riscv32-buildroot-linux-uclibc/sysroot/usr/lib/libc.a(fgetc_unlocked.os)
                0x0000149c                getc_unlocked
                0x0000149c                __GI_fgetc_unlocked
                0x0000149c                __fgetc_unlocked
                0x0000149c                __GI_getc_unlocked
                0x0000149c                __GI___fgetc_unlocked
                0x0000149c                fgetc_unlocked
 .text          0x000015bc       0x30 /home/piotro/litex/buildroot/output/host/riscv32-buildroot-linux-uclibc/sysroot/usr/lib/libc.a(fileno_unlocked.os)
                0x000015bc                fileno_unlocked
                0x000015bc                __GI_fileno_unlocked
 .text          0x000015ec      0x2a8 /home/piotro/litex/buildroot/output/host/riscv32-buildroot-linux-uclibc/sysroot/usr/lib/libc.a(memcpy.os)
                0x000015ec                memcpy
                0x000015ec                __GI_memcpy
 .text          0x00001894       0xa4 /home/piotro/litex/buildroot/output/host/riscv32-buildroot-linux-uclibc/sysroot/usr/lib/libc.a(memset.os)
                0x00001894                __GI_memset
                0x00001894                memset
 .text          0x00001938       0x20 /home/piotro/litex/buildroot/output/host/riscv32-buildroot-linux-uclibc/sysroot/usr/lib/libc.a(isatty.os)
                0x00001938                isatty
                0x00001938                __GI_isatty
 .text          0x00001958       0x88 /home/piotro/litex/buildroot/output/host/riscv32-buildroot-linux-uclibc/sysroot/usr/lib/libc.a(tcgetattr.os)
                0x00001958                __GI_tcgetattr
                0x00001958                tcgetattr
 .text          0x000019e0      0x134 /home/piotro/litex/buildroot/output/host/riscv32-buildroot-linux-uclibc/sysroot/usr/lib/libc.a(tcsetattr.os)
                0x000019e0                __GI_tcsetattr
                0x000019e0                tcsetattr
 .text          0x00001b14       0x94 /home/piotro/litex/buildroot/output/host/riscv32-buildroot-linux-uclibc/sysroot/usr/lib/libc.a(signal.os)
                0x00001b14                bsd_signal
                0x00001b14                signal
                0x00001b14                __GI_signal
 .text          0x00001ba8       0x7c /home/piotro/litex/buildroot/output/host/riscv32-buildroot-linux-uclibc/sysroot/usr/lib/libc.a(sigsetops.os)
                0x00001ba8                __GI___sigismember
                0x00001ba8                __sigismember
                0x00001bd0                __sigaddset
                0x00001bd0                __GI___sigaddset
                0x00001bf8                __sigdelset
                0x00001bf8                __GI___sigdelset
 .text          0x00001c24      0x20c /home/piotro/litex/buildroot/output/host/riscv32-buildroot-linux-uclibc/sysroot/usr/lib/libc.a(malloc.os)
                0x00001de0                malloc
 .text          0x00001e30      0x234 /home/piotro/litex/buildroot/output/host/riscv32-buildroot-linux-uclibc/sysroot/usr/lib/libc.a(free.os)
                0x00002050                free
 .text          0x00002064       0x88 /home/piotro/litex/buildroot/output/host/riscv32-buildroot-linux-uclibc/sysroot/usr/lib/libc.a(heap_alloc.os)
                0x00002064                __heap_alloc
 .text          0x000020ec      0x10c /home/piotro/litex/buildroot/output/host/riscv32-buildroot-linux-uclibc/sysroot/usr/lib/libc.a(heap_free.os)
                0x000020ec                __heap_free
 .text          0x000021f8        0xc /home/piotro/litex/buildroot/output/host/riscv32-buildroot-linux-uclibc/sysroot/usr/lib/libc.a(atol.os)
                0x000021f8                atol
                0x000021f8                atoi
                0x000021f8                __GI_atoi
 .text          0x00002204        0x8 /home/piotro/litex/buildroot/output/host/riscv32-buildroot-linux-uclibc/sysroot/usr/lib/libc.a(strtol.os)
                0x00002204                strtol
                0x00002204                __GI_strtol
 .text          0x0000220c       0x44 /home/piotro/litex/buildroot/output/host/riscv32-buildroot-linux-uclibc/sysroot/usr/lib/libc.a(_stdlib_strto_l.os)
                0x0000220c                _stdlib_strto_l
 .text          0x00002250      0x1d0 /home/piotro/litex/buildroot/output/host/riscv32-buildroot-linux-uclibc/sysroot/usr/lib/libc.a(_stdlib_strto_l_l.os)
                0x00002250                _stdlib_strto_l_l
 .text          0x00002420      0x4dc /home/piotro/litex/buildroot/output/host/riscv32-buildroot-linux-uclibc/sysroot/usr/lib/libc.a(sysconf.os)
                0x00002574                get_phys_pages
                0x000025c0                get_avphys_pages
                0x0000260c                sysconf
                0x0000260c                __GI_sysconf
 .text          0x000028fc       0x44 /home/piotro/litex/buildroot/output/host/riscv32-buildroot-linux-uclibc/sysroot/usr/lib/libc.a(usleep.os)
                0x000028fc                usleep
 .text          0x00002940      0x31c /home/piotro/litex/buildroot/output/host/riscv32-buildroot-linux-uclibc/sysroot/usr/lib/libc.a(__uClibc_main.os)
                0x00002940                __pthread_mutex_lock
                0x00002940                __pthread_mutex_unlock
                0x00002940                __pthread_mutex_trylock
                0x00002948                __pthread_mutex_init
                0x00002950                _pthread_cleanup_push_defer
                0x0000295c                _pthread_cleanup_pop_restore
                0x00002970                __uClibc_init
                0x000029e0                __uClibc_fini
                0x00002a7c                __uClibc_main
 .text          0x00002c5c       0x3c /home/piotro/litex/buildroot/output/host/riscv32-buildroot-linux-uclibc/sysroot/usr/lib/libc.a(dl-support.os)
                0x00002c5c                _dl_aux_init
 .text          0x00002c98       0x1c /home/piotro/litex/buildroot/output/host/riscv32-buildroot-linux-uclibc/sysroot/usr/lib/libc.a(atexit.os)
                0x00002c98                atexit
 .text          0x00002cb4       0x9c /home/piotro/litex/buildroot/output/host/riscv32-buildroot-linux-uclibc/sysroot/usr/lib/libc.a(errno.os)
                0x00002d18                __errno_location
                0x00002d34                __h_errno_location
 .text          0x00002d50      0xd1c /home/piotro/litex/buildroot/output/host/riscv32-buildroot-linux-uclibc/sysroot/usr/lib/libc.a(pthread.os)
                0x00002d54                __pthread_wait_for_restart_signal
                0x00002dc4                __pthread_restart_new
                0x00002dd8                __pthread_timedsuspend_new
                0x00003114                __pthread_initialize_minimal
                0x00003134                __pthread_initialize
                0x0000314c                pthread_equal
                0x0000314c                __GI_pthread_equal
                0x00003158                __pthread_find_self
                0x000033bc                __pthread_initialize_manager
                0x0000364c                pthread_create
                0x00003734                __GI_pthread_self
                0x00003734                pthread_self
                0x00003750                pthread_setschedparam
                0x00003750                __GI_pthread_setschedparam
                0x00003838                __GI_pthread_getschedparam
                0x00003838                pthread_getschedparam
                0x00003900                __pthread_reset_main_thread
                0x000039c4                pthread_kill_other_threads_np
                0x000039c4                __pthread_kill_other_threads_np
                0x00003a50                __pthread_setconcurrency
                0x00003a50                pthread_setconcurrency
                0x00003a60                __pthread_getconcurrency
                0x00003a60                pthread_getconcurrency
 .text          0x00003a6c      0x128 /home/piotro/litex/buildroot/output/host/riscv32-buildroot-linux-uclibc/sysroot/usr/lib/libc.a(ptlongjmp.os)
                0x00003b4c                siglongjmp
                0x00003b70                longjmp
 .text          0x00003b94      0x698 /home/piotro/litex/buildroot/output/host/riscv32-buildroot-linux-uclibc/sysroot/usr/lib/libc.a(signals.os)
                0x00003d0c                pthread_sigmask
                0x00003de8                pthread_kill
                0x00003e80                __GI_sigaction
                0x00003e80                sigaction
                0x00004004                sigwait
                0x000041b4                __GI_raise
                0x000041b4                raise
 .text          0x0000422c      0x630 /home/piotro/litex/buildroot/output/host/riscv32-buildroot-linux-uclibc/sysroot/usr/lib/libc.a(spinlock.os)
                0x0000437c                __pthread_lock
                0x00004464                __pthread_unlock
                0x00004550                __pthread_alt_lock
                0x000045d0                __pthread_alt_timedlock
                0x000046fc                __pthread_alt_unlock
 .text          0x0000485c      0xb38 /home/piotro/litex/buildroot/output/host/riscv32-buildroot-linux-uclibc/sysroot/usr/lib/libc.a(wrapsyscall.os)
                0x000048a4                fcntl
                0x00004920                fcntl64
                0x0000499c                fsync
                0x000049e4                lseek
                0x00004a44                lseek64
                0x00004ab4                nanosleep
                0x00004ab4                __GI_nanosleep
                0x00004b88                open64
                0x00004c04                pause
                0x00004c44                pread
                0x00004cac                pread64
                0x00004d1c                pwrite
                0x00004de4                system
                0x00004e2c                tcdrain
                0x00004e74                wait
                0x00004ebc                waitpid
                0x00004ebc                __GI_waitpid
                0x00004f7c                accept
                0x00004fdc                accept4
                0x00005044                connect
                0x000050a4                recv
                0x0000510c                recvfrom
                0x00005184                recvmsg
                0x000051e4                send
                0x0000524c                sendmsg
                0x000052ac                sendto
                0x00005324                epoll_pwait
 .text          0x00005394       0x74 /home/piotro/litex/buildroot/output/host/riscv32-buildroot-linux-uclibc/sysroot/usr/lib/libc.a(clock_gettime.os)
                0x00005394                __libc_clock_gettime
                0x00005404                clock_gettime
 .text          0x00005408       0x48 /home/piotro/litex/buildroot/output/host/riscv32-buildroot-linux-uclibc/sysroot/usr/lib/libc.a(setjmp.os)
                0x00005408                __GI__setjmp
                0x00005408                _setjmp
                0x00005410                setjmp
                0x00005414                __sigsetjmp
                0x00005414                __GI___sigsetjmp
 .text          0x00005450       0x58 /home/piotro/litex/buildroot/output/host/riscv32-buildroot-linux-uclibc/sysroot/usr/lib/libc.a(clone.os)
                0x00005450                clone
                0x00005494                __thread_start
 .text          0x000054a8       0x48 /home/piotro/litex/buildroot/output/host/riscv32-buildroot-linux-uclibc/sysroot/usr/lib/libc.a(epoll_pwait.os)
                0x000054a8                __libc_epoll_pwait
 .text          0x000054f0       0x44 /home/piotro/litex/buildroot/output/host/riscv32-buildroot-linux-uclibc/sysroot/usr/lib/libc.a(_exit.os)
                0x000054f0                _Exit
                0x000054f0                __GI__exit
                0x000054f0                _exit
 .text          0x00005534       0x44 /home/piotro/litex/buildroot/output/host/riscv32-buildroot-linux-uclibc/sysroot/usr/lib/libc.a(fsync.os)
                0x00005534                __libc_fsync
 .text          0x00005578       0x30 /home/piotro/litex/buildroot/output/host/riscv32-buildroot-linux-uclibc/sysroot/usr/lib/libc.a(getdtablesize.os)
                0x00005578                getdtablesize
                0x00005578                __GI_getdtablesize
 .text          0x000055a8        0xc /home/piotro/litex/buildroot/output/host/riscv32-buildroot-linux-uclibc/sysroot/usr/lib/libc.a(getpagesize.os)
                0x000055a8                __GI_getpagesize
                0x000055a8                getpagesize
                0x000055a8                __getpagesize
 .text          0x000055b4        0xc /home/piotro/litex/buildroot/output/host/riscv32-buildroot-linux-uclibc/sysroot/usr/lib/libc.a(getpid.os)
                0x000055b4                getpid
                0x000055b4                __GI_getpid
 .text          0x000055c0       0xb4 /home/piotro/litex/buildroot/output/host/riscv32-buildroot-linux-uclibc/sysroot/usr/lib/libc.a(getrlimit.os)
                0x000055c0                getrlimit
                0x000055c0                __GI_getrlimit
 .text          0x00005674       0x44 /home/piotro/litex/buildroot/output/host/riscv32-buildroot-linux-uclibc/sysroot/usr/lib/libc.a(kill.os)
                0x00005674                kill
                0x00005674                __GI_kill
 .text          0x000056b8       0x44 /home/piotro/litex/buildroot/output/host/riscv32-buildroot-linux-uclibc/sysroot/usr/lib/libc.a(longjmp.os)
                0x000056b8                _longjmp
                0x000056b8                __libc_longjmp
                0x000056b8                __libc_siglongjmp
 .text          0x000056fc       0x64 /home/piotro/litex/buildroot/output/host/riscv32-buildroot-linux-uclibc/sysroot/usr/lib/libc.a(lseek.os)
                0x000056fc                __lseek_nocancel
                0x000056fc                __libc_lseek
                0x000056fc                __GI_lseek
 .text          0x00005760       0x64 /home/piotro/litex/buildroot/output/host/riscv32-buildroot-linux-uclibc/sysroot/usr/lib/libc.a(mmap.os)
                0x00005760                mmap
                0x00005760                __GI_mmap
 .text          0x000057c4       0x44 /home/piotro/litex/buildroot/output/host/riscv32-buildroot-linux-uclibc/sysroot/usr/lib/libc.a(munmap.os)
                0x000057c4                munmap
                0x000057c4                __GI_munmap
 .text          0x00005808       0x48 /home/piotro/litex/buildroot/output/host/riscv32-buildroot-linux-uclibc/sysroot/usr/lib/libc.a(nanosleep.os)
                0x00005808                __libc_nanosleep
                0x00005808                __nanosleep_nocancel
 .text          0x00005850       0x60 /home/piotro/litex/buildroot/output/host/riscv32-buildroot-linux-uclibc/sysroot/usr/lib/libc.a(openat.os)
                0x00005850                __openat
                0x00005850                openat
                0x00005850                __GI_openat
 .text          0x000058b0       0x38 /home/piotro/litex/buildroot/output/host/riscv32-buildroot-linux-uclibc/sysroot/usr/lib/libc.a(pause.os)
                0x000058b0                __pause_nocancel
                0x000058b0                __libc_pause
 .text          0x000058e8        0x8 /home/piotro/litex/buildroot/output/host/riscv32-buildroot-linux-uclibc/sysroot/usr/lib/libc.a(pipe.os)
                0x000058e8                __GI_pipe
                0x000058e8                pipe
 .text          0x000058f0      0x118 /home/piotro/litex/buildroot/output/host/riscv32-buildroot-linux-uclibc/sysroot/usr/lib/libc.a(pread_write.os)
                0x000058f0                __libc_pread
                0x00005938                __libc_pwrite
                0x00005980                __libc_pread64
                0x000059c4                pwrite64
                0x000059c4                __libc_pwrite64
 .text          0x00005a08       0x44 /home/piotro/litex/buildroot/output/host/riscv32-buildroot-linux-uclibc/sysroot/usr/lib/libc.a(sched_getparam.os)
                0x00005a08                sched_getparam
 .text          0x00005a4c       0x44 /home/piotro/litex/buildroot/output/host/riscv32-buildroot-linux-uclibc/sysroot/usr/lib/libc.a(sched_getscheduler.os)
                0x00005a4c                sched_getscheduler
 .text          0x00005a90       0x44 /home/piotro/litex/buildroot/output/host/riscv32-buildroot-linux-uclibc/sysroot/usr/lib/libc.a(sched_setscheduler.os)
                0x00005a90                sched_setscheduler
 .text          0x00005ad4       0x44 /home/piotro/litex/buildroot/output/host/riscv32-buildroot-linux-uclibc/sysroot/usr/lib/libc.a(sched_yield.os)
                0x00005ad4                sched_yield
 .text          0x00005b18       0x48 /home/piotro/litex/buildroot/output/host/riscv32-buildroot-linux-uclibc/sysroot/usr/lib/libc.a(sigprocmask.os)
                0x00005b18                __GI_sigprocmask
                0x00005b18                sigprocmask
 .text          0x00005b60       0x48 /home/piotro/litex/buildroot/output/host/riscv32-buildroot-linux-uclibc/sysroot/usr/lib/libc.a(sigsuspend.os)
                0x00005b60                __GI_sigsuspend
                0x00005b60                __sigsuspend_nocancel
                0x00005b60                __libc_sigsuspend
                0x00005b60                sigsuspend
 .text          0x00005ba8       0xc4 /home/piotro/litex/buildroot/output/host/riscv32-buildroot-linux-uclibc/sysroot/usr/lib/libc.a(__syscall_fcntl.os)
                0x00005ba8                __fcntl_nocancel
                0x00005c08                __libc_fcntl
                0x00005c08                __GI_fcntl
 .text          0x00005c6c       0x44 /home/piotro/litex/buildroot/output/host/riscv32-buildroot-linux-uclibc/sysroot/usr/lib/libc.a(sysinfo.os)
                0x00005c6c                sysinfo
 .text          0x00005cb0       0x14 /home/piotro/litex/buildroot/output/host/riscv32-buildroot-linux-uclibc/sysroot/usr/lib/libc.a(wait.os)
                0x00005cb0                __libc_wait
 .text          0x00005cc4        0x8 /home/piotro/litex/buildroot/output/host/riscv32-buildroot-linux-uclibc/sysroot/usr/lib/libc.a(waitpid.os)
                0x00005cc4                __waitpid_nocancel
                0x00005cc4                __libc_waitpid
 .text          0x00005ccc       0x70 /home/piotro/litex/buildroot/output/host/riscv32-buildroot-linux-uclibc/sysroot/usr/lib/libc.a(llseek.os)
                0x00005ccc                __GI_lseek64
                0x00005ccc                __libc_lseek64
                0x00005ccc                __lseek64_nocancel
 .text          0x00005d3c       0x60 /home/piotro/litex/buildroot/output/host/riscv32-buildroot-linux-uclibc/sysroot/usr/lib/libc.a(open64.os)
                0x00005d3c                __libc_open64
                0x00005d3c                __GI_open64
 .text          0x00005d9c       0x7c /home/piotro/litex/buildroot/output/host/riscv32-buildroot-linux-uclibc/sysroot/usr/lib/libc.a(__syscall_fcntl64.os)
                0x00005d9c                __fcntl64_nocancel
                0x00005de0                __GI_fcntl64
                0x00005de0                __libc_fcntl64
 .text          0x00005e18       0x18 /home/piotro/litex/buildroot/output/host/riscv32-buildroot-linux-uclibc/sysroot/usr/lib/libc.a(__ctype_b_loc.os)
                0x00005e18                __GI___ctype_b_loc
                0x00005e18                __ctype_b_loc
 .text          0x00005e30       0x2c /home/piotro/litex/buildroot/output/host/riscv32-buildroot-linux-uclibc/sysroot/usr/lib/libc.a(isspace_l.os)
                0x00005e30                __GI_isspace_l
                0x00005e30                isspace_l
                0x00005e30                __isspace_l
 .text          0x00005e5c       0xd4 /home/piotro/litex/buildroot/output/host/riscv32-buildroot-linux-uclibc/sysroot/usr/lib/libc.a(closedir.os)
                0x00005e5c                __GI_closedir
                0x00005e5c                closedir
 .text          0x00005f30      0x1b8 /home/piotro/litex/buildroot/output/host/riscv32-buildroot-linux-uclibc/sysroot/usr/lib/libc.a(opendir.os)
                0x00005fd8                fdopendir
                0x00006064                __GI_opendir
                0x00006064                opendir
 .text          0x000060e8       0xdc /home/piotro/litex/buildroot/output/host/riscv32-buildroot-linux-uclibc/sysroot/usr/lib/libc.a(readdir64.os)
                0x000060e8                readdir64
                0x000060e8                __GI_readdir64
 .text          0x000061c4      0x3d0 /home/piotro/litex/buildroot/output/host/riscv32-buildroot-linux-uclibc/sysroot/usr/lib/libc.a(parse_config.os)
                0x000061c4                __GI_config_open
                0x00006214                __GI_config_close
                0x00006258                __GI_config_read
 .text          0x00006594      0x904 /home/piotro/litex/buildroot/output/host/riscv32-buildroot-linux-uclibc/sysroot/usr/lib/libc.a(_locale_init.os)
                0x00006594                _locale_set_l
                0x00006d48                _locale_init_l
                0x00006e88                _locale_init
 .text          0x00006e98       0xcc /home/piotro/litex/buildroot/output/host/riscv32-buildroot-linux-uclibc/sysroot/usr/lib/libc.a(__locale_mbrtowc_l.os)
                0x00006e98                __locale_mbrtowc_l
 .text          0x00006f64      0x1a8 /home/piotro/litex/buildroot/output/host/riscv32-buildroot-linux-uclibc/sysroot/usr/lib/libc.a(_wchar_utf8sntowcs.os)
                0x00006f64                _wchar_utf8sntowcs
 .text          0x0000710c       0xa4 /home/piotro/litex/buildroot/output/host/riscv32-buildroot-linux-uclibc/sysroot/usr/lib/libc.a(_READ.os)
                0x0000710c                __stdio_READ
 .text          0x000071b0      0x168 /home/piotro/litex/buildroot/output/host/riscv32-buildroot-linux-uclibc/sysroot/usr/lib/libc.a(_WRITE.os)
                0x000071b0                __stdio_WRITE
 .text          0x00007318       0x40 /home/piotro/litex/buildroot/output/host/riscv32-buildroot-linux-uclibc/sysroot/usr/lib/libc.a(_rfill.os)
                0x00007318                __stdio_rfill
 .text          0x00007358       0xa0 /home/piotro/litex/buildroot/output/host/riscv32-buildroot-linux-uclibc/sysroot/usr/lib/libc.a(_trans2r.os)
                0x00007358                __stdio_trans2r_o
 .text          0x000073f8       0xb0 /home/piotro/litex/buildroot/output/host/riscv32-buildroot-linux-uclibc/sysroot/usr/lib/libc.a(fgets.os)
                0x000073f8                fgets
                0x000073f8                __GI_fgets
 .text          0x000074a8       0xdc /home/piotro/litex/buildroot/output/host/riscv32-buildroot-linux-uclibc/sysroot/usr/lib/libc.a(fgets_unlocked.os)
                0x000074a8                __GI_fgets_unlocked
                0x000074a8                fgets_unlocked
 .text          0x00007584       0x34 /home/piotro/litex/buildroot/output/host/riscv32-buildroot-linux-uclibc/sysroot/usr/lib/libc.a(mempcpy.os)
                0x00007584                mempcpy
                0x00007584                __GI_mempcpy
                0x00007584                __mempcpy
 .text          0x000075b8       0xbc /home/piotro/litex/buildroot/output/host/riscv32-buildroot-linux-uclibc/sysroot/usr/lib/libc.a(strchr.os)
                0x000075b8                __GI_strchr
                0x000075b8                index
                0x000075b8                strchr
 .text          0x00007674       0xac /home/piotro/litex/buildroot/output/host/riscv32-buildroot-linux-uclibc/sysroot/usr/lib/libc.a(strchrnul.os)
                0x00007674                __GI_strchrnul
                0x00007674                strchrnul
 .text          0x00007720       0x28 /home/piotro/litex/buildroot/output/host/riscv32-buildroot-linux-uclibc/sysroot/usr/lib/libc.a(strcmp.os)
                0x00007720                __GI_strcmp
                0x00007720                strcmp
 .text          0x00007748       0x5c /home/piotro/litex/buildroot/output/host/riscv32-buildroot-linux-uclibc/sysroot/usr/lib/libc.a(strcspn.os)
                0x00007748                strcspn
                0x00007748                __GI_strcspn
 .text          0x000077a4       0x94 /home/piotro/litex/buildroot/output/host/riscv32-buildroot-linux-uclibc/sysroot/usr/lib/libc.a(strlen.os)
                0x000077a4                strlen
                0x000077a4                __GI_strlen
 .text          0x00007838       0x6c /home/piotro/litex/buildroot/output/host/riscv32-buildroot-linux-uclibc/sysroot/usr/lib/libc.a(strrchr.os)
                0x00007838                strrchr
                0x00007838                rindex
                0x00007838                __GI_strrchr
 .text          0x000078a4       0x3c /home/piotro/litex/buildroot/output/host/riscv32-buildroot-linux-uclibc/sysroot/usr/lib/libc.a(strspn.os)
                0x000078a4                __GI_strspn
                0x000078a4                strspn
 .text          0x000078e0       0x10 /home/piotro/litex/buildroot/output/host/riscv32-buildroot-linux-uclibc/sysroot/usr/lib/libc.a(tcdrain.os)
                0x000078e0                __libc_tcdrain
 .text          0x000078f0       0x44 /home/piotro/litex/buildroot/output/host/riscv32-buildroot-linux-uclibc/sysroot/usr/lib/libc.a(accept.os)
                0x000078f0                __libc_accept
                0x000078f0                __GI_accept
 .text          0x00007934       0x44 /home/piotro/litex/buildroot/output/host/riscv32-buildroot-linux-uclibc/sysroot/usr/lib/libc.a(connect.os)
                0x00007934                __GI_connect
                0x00007934                __libc_connect
 .text          0x00007978        0xc /home/piotro/litex/buildroot/output/host/riscv32-buildroot-linux-uclibc/sysroot/usr/lib/libc.a(recv.os)
                0x00007978                __GI_recv
                0x00007978                __libc_recv
 .text          0x00007984       0x44 /home/piotro/litex/buildroot/output/host/riscv32-buildroot-linux-uclibc/sysroot/usr/lib/libc.a(recvfrom.os)
                0x00007984                __GI_recvfrom
                0x00007984                __libc_recvfrom
                0x00007984                __recvfrom_nocancel
 .text          0x000079c8       0x44 /home/piotro/litex/buildroot/output/host/riscv32-buildroot-linux-uclibc/sysroot/usr/lib/libc.a(recvmsg.os)
                0x000079c8                __libc_recvmsg
                0x000079c8                __GI_recvmsg
 .text          0x00007a0c        0xc /home/piotro/litex/buildroot/output/host/riscv32-buildroot-linux-uclibc/sysroot/usr/lib/libc.a(send.os)
                0x00007a0c                __GI_send
                0x00007a0c                __libc_send
 .text          0x00007a18       0x44 /home/piotro/litex/buildroot/output/host/riscv32-buildroot-linux-uclibc/sysroot/usr/lib/libc.a(sendmsg.os)
                0x00007a18                __GI_sendmsg
                0x00007a18                __libc_sendmsg
 .text          0x00007a5c       0x44 /home/piotro/litex/buildroot/output/host/riscv32-buildroot-linux-uclibc/sysroot/usr/lib/libc.a(sendto.os)
                0x00007a5c                __sendto_nocancel
                0x00007a5c                __GI_sendto
                0x00007a5c                __libc_sendto
 .text          0x00007aa0       0x44 /home/piotro/litex/buildroot/output/host/riscv32-buildroot-linux-uclibc/sysroot/usr/lib/libc.a(accept4.os)
                0x00007aa0                __libc_accept4
                0x00007aa0                __GI_accept4
 .text          0x00007ae4        0x8 /home/piotro/litex/buildroot/output/host/riscv32-buildroot-linux-uclibc/sysroot/usr/lib/libc.a(sigaction.os)
                0x00007ae4                __libc_sigaction
 .text          0x00007aec       0x3c /home/piotro/litex/buildroot/output/host/riscv32-buildroot-linux-uclibc/sysroot/usr/lib/libc.a(sigaddset.os)
                0x00007aec                __GI_sigaddset
                0x00007aec                sigaddset
 .text          0x00007b28       0x3c /home/piotro/litex/buildroot/output/host/riscv32-buildroot-linux-uclibc/sysroot/usr/lib/libc.a(sigdelset.os)
                0x00007b28                __GI_sigdelset
                0x00007b28                sigdelset
 .text          0x00007b64       0x34 /home/piotro/litex/buildroot/output/host/riscv32-buildroot-linux-uclibc/sysroot/usr/lib/libc.a(sigismem.os)
                0x00007b64                sigismember
 .text          0x00007b98       0x40 /home/piotro/litex/buildroot/output/host/riscv32-buildroot-linux-uclibc/sysroot/usr/lib/libc.a(sigjmp.os)
                0x00007b98                __sigjmp_save
 .text          0x00007bd8       0x60 /home/piotro/litex/buildroot/output/host/riscv32-buildroot-linux-uclibc/sysroot/usr/lib/libc.a(calloc.os)
                0x00007bd8                calloc
 .text          0x00007c38      0x144 /home/piotro/litex/buildroot/output/host/riscv32-buildroot-linux-uclibc/sysroot/usr/lib/libc.a(realloc.os)
                0x00007c38                realloc
 .text          0x00007d7c       0x80 /home/piotro/litex/buildroot/output/host/riscv32-buildroot-linux-uclibc/sysroot/usr/lib/libc.a(heap_alloc_at.os)
                0x00007d7c                __heap_alloc_at
 .text          0x00007dfc      0x108 /home/piotro/litex/buildroot/output/host/riscv32-buildroot-linux-uclibc/sysroot/usr/lib/libc.a(abort.os)
                0x00007dfc                abort
                0x00007dfc                __GI_abort
 .text          0x00007f04       0x6c /home/piotro/litex/buildroot/output/host/riscv32-buildroot-linux-uclibc/sysroot/usr/lib/libc.a(__cxa_atexit.os)
                0x00007f04                __cxa_atexit
                0x00007f04                __GI___cxa_atexit
 .text          0x00007f70      0x1b4 /home/piotro/litex/buildroot/output/host/riscv32-buildroot-linux-uclibc/sysroot/usr/lib/libc.a(__exit_handler.os)
                0x00007f70                __exit_handler
                0x0000800c                __new_exitfn
 .text          0x00008124       0x98 /home/piotro/litex/buildroot/output/host/riscv32-buildroot-linux-uclibc/sysroot/usr/lib/libc.a(exit.os)
                0x00008124                __GI_exit
                0x00008124                exit
 .text          0x000081bc       0x50 /home/piotro/litex/buildroot/output/host/riscv32-buildroot-linux-uclibc/sysroot/usr/lib/libc.a(on_exit.os)
                0x000081bc                on_exit
 .text          0x0000820c       0x24 /home/piotro/litex/buildroot/output/host/riscv32-buildroot-linux-uclibc/sysroot/usr/lib/libc.a(libc_pthread_init.os)
                0x0000820c                __libc_pthread_init
 .text          0x00008230      0x148 /home/piotro/litex/buildroot/output/host/riscv32-buildroot-linux-uclibc/sysroot/usr/lib/libc.a(system.os)
                0x00008230                __libc_system
 .text          0x00008378      0x45c /home/piotro/litex/buildroot/output/host/riscv32-buildroot-linux-uclibc/sysroot/usr/lib/libc.a(cancel.os)
                0x000083dc                pthread_setcancelstate
                0x000083dc                __GI_pthread_setcancelstate
                0x00008454                __GI_pthread_setcanceltype
                0x00008454                pthread_setcanceltype
                0x000084cc                pthread_cancel
                0x000085c0                pthread_testcancel
                0x000085f4                _pthread_cleanup_push
                0x00008650                _pthread_cleanup_pop
                0x000086a4                __pthread_cleanup_push_defer
                0x0000870c                __pthread_cleanup_pop_restore
                0x00008788                __pthread_perform_cleanup
 .text          0x000087d4        0xc /home/piotro/litex/buildroot/output/host/riscv32-buildroot-linux-uclibc/sysroot/usr/lib/libc.a(events.os)
                0x000087d4                __linuxthreads_create_event
                0x000087d8                __linuxthreads_death_event
                0x000087dc                __linuxthreads_reap_event
 .text          0x000087e0      0x840 /home/piotro/litex/buildroot/output/host/riscv32-buildroot-linux-uclibc/sysroot/usr/lib/libc.a(join.os)
                0x000088d0                __pthread_do_exit
                0x000089f0                pthread_exit
                0x000089f0                __GI_pthread_exit
                0x00008a00                pthread_join
                0x00008bdc                pthread_tryjoin_np
                0x00008d0c                pthread_timedjoin_np
                0x00008f20                pthread_detach
 .text          0x00009020      0xbe8 /home/piotro/litex/buildroot/output/host/riscv32-buildroot-linux-uclibc/sysroot/usr/lib/libc.a(manager.os)
                0x000093a0                __pthread_manager_sighandler
                0x00009440                __pthread_manager_adjust_prio
                0x000094a0                __pthread_manager
                0x00009bd0                __pthread_manager_event
 .text          0x00009c08      0x6cc /home/piotro/litex/buildroot/output/host/riscv32-buildroot-linux-uclibc/sysroot/usr/lib/libc.a(semaphore.os)
                0x00009d20                sem_init
                0x00009d74                sem_wait
                0x00009ec0                sem_trywait
                0x00009f24                sem_post
                0x0000a048                sem_getvalue
                0x0000a058                sem_destroy
                0x0000a08c                sem_open
                0x0000a0c8                sem_close
                0x0000a0ec                sem_unlink
                0x0000a110                sem_timedwait
 .text          0x0000a2d4      0x414 /home/piotro/litex/buildroot/output/host/riscv32-buildroot-linux-uclibc/sysroot/usr/lib/libc.a(specific.os)
                0x0000a338                pthread_key_create
                0x0000a3e4                pthread_key_delete
                0x0000a4b0                pthread_setspecific
                0x0000a55c                pthread_getspecific
                0x0000a5d0                __pthread_destroy_specifics
 .text          0x0000a6e8       0x8c /home/piotro/litex/buildroot/output/host/riscv32-buildroot-linux-uclibc/sysroot/usr/lib/libc.a(clock_nanosleep.os)
                0x0000a6e8                clock_nanosleep
 .text          0x0000a774       0x30 /home/piotro/litex/buildroot/output/host/riscv32-buildroot-linux-uclibc/sysroot/usr/lib/libc.a(__syscall_error.os)
                0x0000a774                __syscall_error
 .text          0x0000a7a4       0x44 /home/piotro/litex/buildroot/output/host/riscv32-buildroot-linux-uclibc/sysroot/usr/lib/libc.a(__longjmp.os)
                0x0000a7a4                __longjmp
                0x0000a7a4                __GI___longjmp
 .text          0x0000a7e8       0x20 /home/piotro/litex/buildroot/output/host/riscv32-buildroot-linux-uclibc/sysroot/usr/lib/libc.a(vfork.os)
                0x0000a7e8                __vfork
                0x0000a7e8                vfork
                0x0000a7e8                __GI_vfork
 .text          0x0000a808        0xc /home/piotro/litex/buildroot/output/host/riscv32-buildroot-linux-uclibc/sysroot/usr/lib/libc.a(geteuid.os)
                0x0000a808                geteuid
                0x0000a808                __GI_geteuid
 .text          0x0000a814        0xc /home/piotro/litex/buildroot/output/host/riscv32-buildroot-linux-uclibc/sysroot/usr/lib/libc.a(getppid.os)
                0x0000a814                getppid
 .text          0x0000a820       0x44 /home/piotro/litex/buildroot/output/host/riscv32-buildroot-linux-uclibc/sysroot/usr/lib/libc.a(pipe2.os)
                0x0000a820                __GI_pipe2
                0x0000a820                pipe2
 .text          0x0000a864       0x44 /home/piotro/litex/buildroot/output/host/riscv32-buildroot-linux-uclibc/sysroot/usr/lib/libc.a(sched_get_priority_max.os)
                0x0000a864                sched_get_priority_max
 .text          0x0000a8a8       0xd0 /home/piotro/litex/buildroot/output/host/riscv32-buildroot-linux-uclibc/sysroot/usr/lib/libc.a(select.os)
                0x0000a8a8                __libc_select
                0x0000a8a8                select
                0x0000a8a8                __select_nocancel
                0x0000a8a8                __GI_select
 .text          0x0000a978       0x44 /home/piotro/litex/buildroot/output/host/riscv32-buildroot-linux-uclibc/sysroot/usr/lib/libc.a(__syscall_rt_sigaction.os)
                0x0000a978                __syscall_rt_sigaction
 .text          0x0000a9bc      0x118 /home/piotro/litex/buildroot/output/host/riscv32-buildroot-linux-uclibc/sysroot/usr/lib/libc.a(wait4.os)
                0x0000a9bc                __wait4_nocancel
                0x0000a9bc                wait4
 .text          0x0000aad4       0x70 /home/piotro/litex/buildroot/output/host/riscv32-buildroot-linux-uclibc/sysroot/usr/lib/libc.a(fstat64.os)
                0x0000aad4                fstat64
                0x0000aad4                __GI_fstat64
 .text          0x0000ab44      0x170 /home/piotro/litex/buildroot/output/host/riscv32-buildroot-linux-uclibc/sysroot/usr/lib/libc.a(getdents64.os)
                0x0000ab44                __getdents
                0x0000ab44                __getdents64
 .text          0x0000acb4       0x4c /home/piotro/litex/buildroot/output/host/riscv32-buildroot-linux-uclibc/sysroot/usr/lib/libc.a(uselocale.os)
                0x0000acb4                __GI_uselocale
                0x0000acb4                uselocale
 .text          0x0000ad00       0xc4 /home/piotro/litex/buildroot/output/host/riscv32-buildroot-linux-uclibc/sysroot/usr/lib/libc.a(execl.os)
                0x0000ad00                execl
                0x0000ad00                __GI_execl
 .text          0x0000adc4       0x44 /home/piotro/litex/buildroot/output/host/riscv32-buildroot-linux-uclibc/sysroot/usr/lib/libc.a(execve.os)
                0x0000adc4                __GI_execve
                0x0000adc4                execve
 .text          0x0000ae08       0x94 /home/piotro/litex/buildroot/output/host/riscv32-buildroot-linux-uclibc/sysroot/usr/lib/libc.a(__exec_alloc.os)
                0x0000ae08                __exec_alloc
 .text          0x0000ae9c       0x44 /home/piotro/litex/buildroot/output/host/riscv32-buildroot-linux-uclibc/sysroot/usr/lib/libc.a(toupper.os)
                0x0000ae9c                __GI_toupper
                0x0000ae9c                toupper
 .text          0x0000aee0       0xc8 /home/piotro/litex/buildroot/output/host/riscv32-buildroot-linux-uclibc/sysroot/usr/lib/libc.a(puts.os)
                0x0000aee0                puts
 .text          0x0000afa8       0x4c /home/piotro/litex/buildroot/output/host/riscv32-buildroot-linux-uclibc/sysroot/usr/lib/libc.a(printf.os)
                0x0000afa8                printf
                0x0000afa8                __GI_printf
 .text          0x0000aff4       0x38 /home/piotro/litex/buildroot/output/host/riscv32-buildroot-linux-uclibc/sysroot/usr/lib/libc.a(fprintf.os)
                0x0000aff4                fprintf
                0x0000aff4                __GI_fprintf
 .text          0x0000b02c       0x40 /home/piotro/litex/buildroot/output/host/riscv32-buildroot-linux-uclibc/sysroot/usr/lib/libc.a(sprintf.os)
                0x0000b02c                sprintf
                0x0000b02c                __GI_sprintf
 .text          0x0000b06c       0xc0 /home/piotro/litex/buildroot/output/host/riscv32-buildroot-linux-uclibc/sysroot/usr/lib/libc.a(vsnprintf.os)
                0x0000b06c                __GI_vsnprintf
                0x0000b06c                vsnprintf
 .text          0x0000b12c       0xd8 /home/piotro/litex/buildroot/output/host/riscv32-buildroot-linux-uclibc/sysroot/usr/lib/libc.a(vfprintf.os)
                0x0000b12c                __GI_vfprintf
                0x0000b12c                vfprintf
 .text          0x0000b204      0x804 /home/piotro/litex/buildroot/output/host/riscv32-buildroot-linux-uclibc/sysroot/usr/lib/libc.a(_vfprintf_internal.os)
                0x0000b32c                _vfprintf_internal
 .text          0x0000ba08      0x128 /home/piotro/litex/buildroot/output/host/riscv32-buildroot-linux-uclibc/sysroot/usr/lib/libc.a(_ppfs_init.os)
                0x0000ba08                _ppfs_init
 .text          0x0000bb30       0x4c /home/piotro/litex/buildroot/output/host/riscv32-buildroot-linux-uclibc/sysroot/usr/lib/libc.a(_ppfs_prepargs.os)
                0x0000bb30                _ppfs_prepargs
 .text          0x0000bb7c      0x184 /home/piotro/litex/buildroot/output/host/riscv32-buildroot-linux-uclibc/sysroot/usr/lib/libc.a(_ppfs_setargs.os)
                0x0000bb7c                _ppfs_setargs
 .text          0x0000bd00      0x578 /home/piotro/litex/buildroot/output/host/riscv32-buildroot-linux-uclibc/sysroot/usr/lib/libc.a(_ppfs_parsespec.os)
                0x0000bd34                _ppfs_parsespec
 .text          0x0000c278       0xfc /home/piotro/litex/buildroot/output/host/riscv32-buildroot-linux-uclibc/sysroot/usr/lib/libc.a(fputc.os)
                0x0000c278                __GI_fputc
                0x0000c278                putc
                0x0000c278                fputc
 .text          0x0000c374       0xb8 /home/piotro/litex/buildroot/output/host/riscv32-buildroot-linux-uclibc/sysroot/usr/lib/libc.a(fwrite.os)
                0x0000c374                fwrite
                0x0000c374                __GI_fwrite
 .text          0x0000c42c      0x108 /home/piotro/litex/buildroot/output/host/riscv32-buildroot-linux-uclibc/sysroot/usr/lib/libc.a(putchar.os)
                0x0000c42c                putchar
 .text          0x0000c534      0x100 /home/piotro/litex/buildroot/output/host/riscv32-buildroot-linux-uclibc/sysroot/usr/lib/libc.a(fputc_unlocked.os)
                0x0000c534                putc_unlocked
                0x0000c534                __GI___fputc_unlocked
                0x0000c534                fputc_unlocked
                0x0000c534                __fputc_unlocked
 .text          0x0000c634       0x50 /home/piotro/litex/buildroot/output/host/riscv32-buildroot-linux-uclibc/sysroot/usr/lib/libc.a(fputs_unlocked.os)
                0x0000c634                __GI_fputs_unlocked
                0x0000c634                fputs_unlocked
 .text          0x0000c684       0xb0 /home/piotro/litex/buildroot/output/host/riscv32-buildroot-linux-uclibc/sysroot/usr/lib/libc.a(fwrite_unlocked.os)
                0x0000c684                __GI_fwrite_unlocked
                0x0000c684                fwrite_unlocked
 .text          0x0000c734      0x2cc /home/piotro/litex/buildroot/output/host/riscv32-buildroot-linux-uclibc/sysroot/usr/lib/libc.a(memmove.os)
                0x0000c734                memmove
                0x0000c734                __GI_memmove
 .text          0x0000ca00       0x20 /home/piotro/litex/buildroot/output/host/riscv32-buildroot-linux-uclibc/sysroot/usr/lib/libc.a(strcpy.os)
                0x0000ca00                strcpy
                0x0000ca00                __GI_strcpy
 .text          0x0000ca20       0xb0 /home/piotro/litex/buildroot/output/host/riscv32-buildroot-linux-uclibc/sysroot/usr/lib/libc.a(strncpy.os)
                0x0000ca20                strncpy
                0x0000ca20                __GI_strncpy
 .text          0x0000cad0       0xcc /home/piotro/litex/buildroot/output/host/riscv32-buildroot-linux-uclibc/sysroot/usr/lib/libc.a(strnlen.os)
                0x0000cad0                strnlen
                0x0000cad0                __GI_strnlen
 .text          0x0000cb9c       0x28 /home/piotro/litex/buildroot/output/host/riscv32-buildroot-linux-uclibc/sysroot/usr/lib/libc.a(__glibc_strerror_r.os)
                0x0000cb9c                __GI___glibc_strerror_r
                0x0000cb9c                __glibc_strerror_r
                0x0000cb9c                strerror_r
 .text          0x0000cbc4       0x34 /home/piotro/litex/buildroot/output/host/riscv32-buildroot-linux-uclibc/sysroot/usr/lib/libc.a(strcasecmp.os)
                0x0000cbc4                __GI_strcasecmp
                0x0000cbc4                strcasecmp
 .text          0x0000cbf8       0x3c /home/piotro/litex/buildroot/output/host/riscv32-buildroot-linux-uclibc/sysroot/usr/lib/libc.a(strncasecmp.os)
                0x0000cbf8                strncasecmp
                0x0000cbf8                __GI_strncasecmp
 .text          0x0000cc34      0x100 /home/piotro/litex/buildroot/output/host/riscv32-buildroot-linux-uclibc/sysroot/usr/lib/libc.a(__xpg_strerror_r.os)
                0x0000cc34                __xpg_strerror_r
                0x0000cc34                __GI___xpg_strerror_r
 .text          0x0000cd34       0x80 /home/piotro/litex/buildroot/output/host/riscv32-buildroot-linux-uclibc/sysroot/usr/lib/libc.a(strcasecmp_l.os)
                0x0000cd34                strcasecmp_l
                0x0000cd34                __GI_strcasecmp_l
 .text          0x0000cdb4       0x98 /home/piotro/litex/buildroot/output/host/riscv32-buildroot-linux-uclibc/sysroot/usr/lib/libc.a(strncasecmp_l.os)
                0x0000cdb4                __GI_strncasecmp_l
                0x0000cdb4                strncasecmp_l
 .text          0x0000ce4c       0x20 /home/piotro/litex/buildroot/output/host/riscv32-buildroot-linux-uclibc/sysroot/usr/lib/libc.a(tolower_l.os)
                0x0000ce4c                tolower_l
                0x0000ce4c                __GI_tolower_l
 .text          0x0000ce6c       0x48 /home/piotro/litex/buildroot/output/host/riscv32-buildroot-linux-uclibc/sysroot/usr/lib/libc.a(wcrtomb.os)
                0x0000ce6c                __GI_wcrtomb
                0x0000ce6c                wcrtomb
 .text          0x0000ceb4       0x1c /home/piotro/litex/buildroot/output/host/riscv32-buildroot-linux-uclibc/sysroot/usr/lib/libc.a(mbsrtowcs.os)
                0x0000ceb4                __GI_mbsrtowcs
                0x0000ceb4                mbsrtowcs
 .text          0x0000ced0       0x10 /home/piotro/litex/buildroot/output/host/riscv32-buildroot-linux-uclibc/sysroot/usr/lib/libc.a(wcsrtombs.os)
                0x0000ced0                __GI_wcsrtombs
                0x0000ced0                wcsrtombs
 .text          0x0000cee0      0x1b4 /home/piotro/litex/buildroot/output/host/riscv32-buildroot-linux-uclibc/sysroot/usr/lib/libc.a(mbsnrtowcs.os)
                0x0000cee0                mbsnrtowcs
                0x0000cee0                __GI_mbsnrtowcs
 .text          0x0000d094      0x1a8 /home/piotro/litex/buildroot/output/host/riscv32-buildroot-linux-uclibc/sysroot/usr/lib/libc.a(wcsnrtombs.os)
                0x0000d094                __GI_wcsnrtombs
                0x0000d094                wcsnrtombs
 .text          0x0000d23c      0x150 /home/piotro/litex/buildroot/output/host/riscv32-buildroot-linux-uclibc/sysroot/usr/lib/libc.a(_fwrite.os)
                0x0000d23c                __stdio_fwrite
 .text          0x0000d38c       0xf4 /home/piotro/litex/buildroot/output/host/riscv32-buildroot-linux-uclibc/sysroot/usr/lib/libc.a(_trans2w.os)
                0x0000d38c                __stdio_trans2w_o
 .text          0x0000d480       0x7c /home/piotro/litex/buildroot/output/host/riscv32-buildroot-linux-uclibc/sysroot/usr/lib/libc.a(_load_inttype.os)
                0x0000d480                _load_inttype
 .text          0x0000d4fc       0x3c /home/piotro/litex/buildroot/output/host/riscv32-buildroot-linux-uclibc/sysroot/usr/lib/libc.a(_store_inttype.os)
                0x0000d4fc                _store_inttype
 .text          0x0000d538      0x1e8 /home/piotro/litex/buildroot/output/host/riscv32-buildroot-linux-uclibc/sysroot/usr/lib/libc.a(_uintmaxtostr.os)
                0x0000d538                _uintmaxtostr
 .text          0x0000d720      0xc04 /home/piotro/litex/buildroot/output/host/riscv32-buildroot-linux-uclibc/sysroot/usr/lib/libc.a(_fpmaxtostr.os)
                0x0000d720                _fpmaxtostr
 .text          0x0000e324       0xc8 /home/piotro/litex/buildroot/output/host/riscv32-buildroot-linux-uclibc/sysroot/usr/lib/libc.a(memchr.os)
                0x0000e324                __GI_memchr
                0x0000e324                memchr
 .text          0x0000e3ec       0xd0 /home/piotro/litex/buildroot/output/host/riscv32-buildroot-linux-uclibc/sysroot/usr/lib/libc.a(memrchr.os)
                0x0000e3ec                memrchr
                0x0000e3ec                __GI_memrchr
 .text          0x0000e4bc      0x134 /home/piotro/litex/buildroot/output/host/riscv32-buildroot-linux-uclibc/sysroot/usr/lib/libc.a(_wchar_wcsntoutf8s.os)
                0x0000e4bc                _wchar_wcsntoutf8s
 .text          0x0000e5f0        0xc /home/piotro/litex/buildroot/output/host/riscv32-buildroot-linux-uclibc/sysroot/usr/lib/libc.a(fseeko.os)
                0x0000e5f0                __GI_fseek
                0x0000e5f0                fseeko
                0x0000e5f0                fseek
 .text          0x0000e5fc      0x154 /home/piotro/litex/buildroot/output/host/riscv32-buildroot-linux-uclibc/sysroot/usr/lib/libc.a(fseeko64.os)
                0x0000e5fc                __GI_fseeko64
                0x0000e5fc                fseeko64
 .text          0x0000e750       0xd4 /home/piotro/litex/buildroot/output/host/riscv32-buildroot-linux-uclibc/sysroot/usr/lib/libc.a(_adjust_pos.os)
                0x0000e750                __stdio_adjust_position
 .text          0x0000e824       0x44 /home/piotro/litex/buildroot/output/host/riscv32-buildroot-linux-uclibc/sysroot/usr/lib/libc.a(_cs_funcs.os)
                0x0000e824                __stdio_seek
 .text          0x0000e868      0x4fc /home/piotro/litex/buildroot/output/host/lib/gcc/riscv32-buildroot-linux-uclibc/13.3.0/libgcc.a(_divdi3.o)
                0x0000e868                __divdi3
 .text          0x0000ed64      0x790 /home/piotro/litex/buildroot/output/host/lib/gcc/riscv32-buildroot-linux-uclibc/13.3.0/libgcc.a(divdf3.o)
                0x0000ed64                __divdf3
 .text          0x0000f4f4      0x100 /home/piotro/litex/buildroot/output/host/lib/gcc/riscv32-buildroot-linux-uclibc/13.3.0/libgcc.a(gedf2.o)
                0x0000f4f4                __gtdf2
                0x0000f4f4                __gedf2
 .text          0x0000f5f4      0x108 /home/piotro/litex/buildroot/output/host/lib/gcc/riscv32-buildroot-linux-uclibc/13.3.0/libgcc.a(ledf2.o)
                0x0000f5f4                __ltdf2
                0x0000f5f4                __ledf2
 .text          0x0000f6fc      0x6d8 /home/piotro/litex/buildroot/output/host/lib/gcc/riscv32-buildroot-linux-uclibc/13.3.0/libgcc.a(muldf3.o)
                0x0000f6fc                __muldf3
 .text          0x0000fdd4       0x84 /home/piotro/litex/buildroot/output/host/lib/gcc/riscv32-buildroot-linux-uclibc/13.3.0/libgcc.a(fixdfsi.o)
                0x0000fdd4                __fixdfsi
 .text          0x0000fe58       0xb8 /home/piotro/litex/buildroot/output/host/lib/gcc/riscv32-buildroot-linux-uclibc/13.3.0/libgcc.a(floatsidf.o)
                0x0000fe58                __floatsidf
 .text          0x0000ff10       0x88 /home/piotro/litex/buildroot/output/host/lib/gcc/riscv32-buildroot-linux-uclibc/13.3.0/libgcc.a(_clzsi2.o)
                0x0000ff10                __clzsi2
 .text          0x0000ff98      0xf20 /home/piotro/litex/buildroot/output/host/lib/gcc/riscv32-buildroot-linux-uclibc/13.3.0/libgcc.a(divtf3.o)
                0x0000ff98                __divtf3
 .text          0x00010eb8       0xd0 /home/piotro/litex/buildroot/output/host/lib/gcc/riscv32-buildroot-linux-uclibc/13.3.0/libgcc.a(eqtf2.o)
                0x00010eb8                __eqtf2
                0x00010eb8                __netf2
 .text          0x00010f88      0x160 /home/piotro/litex/buildroot/output/host/lib/gcc/riscv32-buildroot-linux-uclibc/13.3.0/libgcc.a(getf2.o)
                0x00010f88                __getf2
                0x00010f88                __gttf2
 .text          0x000110e8      0x160 /home/piotro/litex/buildroot/output/host/lib/gcc/riscv32-buildroot-linux-uclibc/13.3.0/libgcc.a(letf2.o)
                0x000110e8                __letf2
                0x000110e8                __lttf2
 .text          0x00011248     0x11b4 /home/piotro/litex/buildroot/output/host/lib/gcc/riscv32-buildroot-linux-uclibc/13.3.0/libgcc.a(multf3.o)
                0x00011248                __multf3
 .text          0x000123fc     0x17a4 /home/piotro/litex/buildroot/output/host/lib/gcc/riscv32-buildroot-linux-uclibc/13.3.0/libgcc.a(subtf3.o)
                0x000123fc                __subtf3
 .text          0x00013ba0       0xf8 /home/piotro/litex/buildroot/output/host/lib/gcc/riscv32-buildroot-linux-uclibc/13.3.0/libgcc.a(fixunstfsi.o)
                0x00013ba0                __fixunstfsi
 .text          0x00013c98      0x170 /home/piotro/litex/buildroot/output/host/lib/gcc/riscv32-buildroot-linux-uclibc/13.3.0/libgcc.a(floatunsitf.o)
                0x00013c98                __floatunsitf
 .text          0x00013e08      0x248 /home/piotro/litex/buildroot/output/host/lib/gcc/riscv32-buildroot-linux-uclibc/13.3.0/libgcc.a(extenddftf2.o)
                0x00013e08                __extenddftf2
 .text          0x00014050      0x3dc /home/piotro/litex/buildroot/output/host/lib/gcc/riscv32-buildroot-linux-uclibc/13.3.0/libgcc.a(trunctfdf2.o)
                0x00014050                __trunctfdf2
 *(.literal.* .text.*)
 .text.F_StartFinale
                0x0001442c      0x234 /tmp/cc5B7SpI.ltrans0.ltrans.o
 .text.D_DoAdvanceDemo
                0x00014660      0x228 /tmp/cc5B7SpI.ltrans0.ltrans.o
 .text.CtrlC    0x00014888       0x10 /tmp/cc5B7SpI.ltrans0.ltrans.o
 .text.ResetKeyboardInput
                0x00014898       0x48 /tmp/cc5B7SpI.ltrans0.ltrans.o
 .text.I_FinishUpdate
                0x000148e0      0x224 /tmp/cc5B7SpI.ltrans0.ltrans.o
 .text.I_GetTime
                0x00014b04       0x90 /tmp/cc5B7SpI.ltrans0.ltrans.o
                0x00014b04                I_GetTime
 .text.I_StartTic
                0x00014b94      0x264 /tmp/cc5B7SpI.ltrans0.ltrans.o
                0x00014b94                I_StartTic
 .text.I_Quit   0x00014df8       0x14 /tmp/cc5B7SpI.ltrans0.ltrans.o
                0x00014df8                I_Quit
 .text.I_Error  0x00014e0c       0x9c /tmp/cc5B7SpI.ltrans0.ltrans.o
                0x00014e0c                I_Error
 .text.G_DoLoadLevel
                0x00014ea8     0x1d74 /tmp/cc5B7SpI.ltrans0.ltrans.o
 .text.G_DoSaveGame
                0x00016c1c      0x7dc /tmp/cc5B7SpI.ltrans0.ltrans.o
 .text.G_InitNew
                0x000173f8      0x5b4 /tmp/cc5B7SpI.ltrans0.ltrans.o
 .text.G_Ticker
                0x000179ac     0x36a0 /tmp/cc5B7SpI.ltrans0.ltrans.o
 .text.D_ProcessEvents
                0x0001b04c     0x2e34 /tmp/cc5B7SpI.ltrans0.ltrans.o
                0x0001b04c                D_ProcessEvents
 .text.G_BuildTiccmd
                0x0001de80      0x7ac /tmp/cc5B7SpI.ltrans0.ltrans.o
                0x0001de80                G_BuildTiccmd
 .text.D_DoomLoop
                0x0001e62c     0x3530 /tmp/cc5B7SpI.ltrans0.ltrans.o
 .text.D_DoomMain
                0x00021b5c     0x1b58 /tmp/cc5B7SpI.ltrans0.ltrans.o
                0x00021b5c                D_DoomMain
 .text.M_Sound  0x000236b4       0x20 /tmp/cc5B7SpI.ltrans1.ltrans.o
                0x000236b4                M_Sound
 .text.M_SfxVol
                0x000236d4       0x4c /tmp/cc5B7SpI.ltrans1.ltrans.o
                0x000236d4                M_SfxVol
 .text.M_MusicVol
                0x00023720       0x4c /tmp/cc5B7SpI.ltrans1.ltrans.o
                0x00023720                M_MusicVol
 .text.M_NewGame
                0x0002376c       0xb0 /tmp/cc5B7SpI.ltrans1.ltrans.o
                0x0002376c                M_NewGame
 .text.M_VerifyNightmare
                0x0002381c       0x50 /tmp/cc5B7SpI.ltrans1.ltrans.o
 .text.M_ChooseSkill
                0x0002386c       0xa0 /tmp/cc5B7SpI.ltrans1.ltrans.o
                0x0002386c                M_ChooseSkill
 .text.M_Options
                0x0002390c       0x20 /tmp/cc5B7SpI.ltrans1.ltrans.o
                0x0002390c                M_Options
 .text.M_ChangeMessages
                0x0002392c       0x5c /tmp/cc5B7SpI.ltrans1.ltrans.o
                0x0002392c                M_ChangeMessages
 .text.M_EndGameResponse
                0x00023988       0x4c /tmp/cc5B7SpI.ltrans1.ltrans.o
                0x00023988                M_EndGameResponse
 .text.M_EndGame
                0x000239d4       0xa4 /tmp/cc5B7SpI.ltrans1.ltrans.o
                0x000239d4                M_EndGame
 .text.M_ReadThis
                0x00023a78       0x20 /tmp/cc5B7SpI.ltrans1.ltrans.o
                0x00023a78                M_ReadThis
 .text.M_ReadThis2
                0x00023a98       0x20 /tmp/cc5B7SpI.ltrans1.ltrans.o
                0x00023a98                M_ReadThis2
 .text.M_FinishReadThis
                0x00023ab8       0x20 /tmp/cc5B7SpI.ltrans1.ltrans.o
                0x00023ab8                M_FinishReadThis
 .text.M_ChangeSensitivity
                0x00023ad8       0x4c /tmp/cc5B7SpI.ltrans1.ltrans.o
                0x00023ad8                M_ChangeSensitivity
 .text.M_SizeDisplay
                0x00023b24       0x8c /tmp/cc5B7SpI.ltrans1.ltrans.o
                0x00023b24                M_SizeDisplay
 .text.A_FaceTarget
                0x00023bb0      0x318 /tmp/cc5B7SpI.ltrans1.ltrans.o
                0x00023bb0                A_FaceTarget
 .text.A_PosAttack
                0x00023ec8      0x20c /tmp/cc5B7SpI.ltrans1.ltrans.o
                0x00023ec8                A_PosAttack
 .text.A_CPosAttack
                0x000240d4      0x20c /tmp/cc5B7SpI.ltrans1.ltrans.o
                0x000240d4                A_CPosAttack
 .text.A_SkelWhoosh
                0x000242e0      0x310 /tmp/cc5B7SpI.ltrans1.ltrans.o
                0x000242e0                A_SkelWhoosh
 .text.A_VileStart
                0x000245f0        0x4 /tmp/cc5B7SpI.ltrans1.ltrans.o
                0x000245f0                A_VileStart
 .text.A_FatRaise
                0x000245f4      0x318 /tmp/cc5B7SpI.ltrans1.ltrans.o
                0x000245f4                A_FatRaise
 .text.A_SkullAttack
                0x0002490c      0x1d0 /tmp/cc5B7SpI.ltrans1.ltrans.o
                0x0002490c                A_SkullAttack
 .text.A_Scream
                0x00024adc       0x30 /tmp/cc5B7SpI.ltrans1.ltrans.o
                0x00024adc                A_Scream
 .text.A_XScream
                0x00024b0c        0x4 /tmp/cc5B7SpI.ltrans1.ltrans.o
                0x00024b0c                A_XScream
 .text.A_Pain   0x00024b10        0x4 /tmp/cc5B7SpI.ltrans1.ltrans.o
                0x00024b10                A_Pain
 .text.A_Fall   0x00024b14       0x10 /tmp/cc5B7SpI.ltrans1.ltrans.o
                0x00024b14                A_Fall
 .text.A_OpenShotgun2
                0x00024b24        0x4 /tmp/cc5B7SpI.ltrans1.ltrans.o
                0x00024b24                A_OpenShotgun2
 .text.A_LoadShotgun2
                0x00024b28        0x4 /tmp/cc5B7SpI.ltrans1.ltrans.o
                0x00024b28                A_LoadShotgun2
 .text.A_BrainAwake
                0x00024b2c       0x84 /tmp/cc5B7SpI.ltrans1.ltrans.o
                0x00024b2c                A_BrainAwake
 .text.A_BrainPain
                0x00024bb0        0x4 /tmp/cc5B7SpI.ltrans1.ltrans.o
                0x00024bb0                A_BrainPain
 .text.A_BrainDie
                0x00024bb4       0x18 /tmp/cc5B7SpI.ltrans1.ltrans.o
                0x00024bb4                A_BrainDie
 .text.A_PlayerScream
                0x00024bcc        0x4 /tmp/cc5B7SpI.ltrans1.ltrans.o
                0x00024bcc                A_PlayerScream
 .text.T_FireFlicker
                0x00024bd0       0x78 /tmp/cc5B7SpI.ltrans1.ltrans.o
                0x00024bd0                T_FireFlicker
 .text.T_LightFlash
                0x00024c48       0x80 /tmp/cc5B7SpI.ltrans1.ltrans.o
                0x00024c48                T_LightFlash
 .text.T_StrobeFlash
                0x00024cc8       0x44 /tmp/cc5B7SpI.ltrans1.ltrans.o
                0x00024cc8                T_StrobeFlash
 .text.T_Glow   0x00024d0c       0x74 /tmp/cc5B7SpI.ltrans1.ltrans.o
                0x00024d0c                T_Glow
 .text.M_QuitDOOM
                0x00024d80       0x9c /tmp/cc5B7SpI.ltrans1.ltrans.o
                0x00024d80                M_QuitDOOM
 .text.M_DrawSaveLoadBorder
                0x00024e1c      0x168 /tmp/cc5B7SpI.ltrans1.ltrans.o
 .text.M_DrawLoad
                0x00024f84      0x19c /tmp/cc5B7SpI.ltrans1.ltrans.o
                0x00024f84                M_DrawLoad
 .text.M_DrawReadThis1
                0x00025120       0xd8 /tmp/cc5B7SpI.ltrans1.ltrans.o
                0x00025120                M_DrawReadThis1
 .text.M_DrawReadThis2
                0x000251f8       0xd0 /tmp/cc5B7SpI.ltrans1.ltrans.o
                0x000251f8                M_DrawReadThis2
 .text.M_DrawMainMenu
                0x000252c8       0x7c /tmp/cc5B7SpI.ltrans1.ltrans.o
                0x000252c8                M_DrawMainMenu
 .text.M_DrawNewGame
                0x00025344       0xe0 /tmp/cc5B7SpI.ltrans1.ltrans.o
                0x00025344                M_DrawNewGame
 .text.M_DrawEpisode
                0x00025424       0x7c /tmp/cc5B7SpI.ltrans1.ltrans.o
                0x00025424                M_DrawEpisode
 .text.M_DrawOptions
                0x000254a0      0x3e0 /tmp/cc5B7SpI.ltrans1.ltrans.o
                0x000254a0                M_DrawOptions
 .text.M_LoadSelect
                0x00025880       0xe8 /tmp/cc5B7SpI.ltrans1.ltrans.o
                0x00025880                M_LoadSelect
 .text.M_QuickSaveResponse
                0x00025968       0x68 /tmp/cc5B7SpI.ltrans1.ltrans.o
                0x00025968                M_QuickSaveResponse
 .text.M_QuickLoadResponse
                0x000259d0       0xf8 /tmp/cc5B7SpI.ltrans1.ltrans.o
                0x000259d0                M_QuickLoadResponse
 .text.M_DrawSave
                0x00025ac8      0x2c4 /tmp/cc5B7SpI.ltrans1.ltrans.o
                0x00025ac8                M_DrawSave
 .text.M_SaveSelect
                0x00025d8c       0x84 /tmp/cc5B7SpI.ltrans1.ltrans.o
                0x00025d8c                M_SaveSelect
 .text.M_DrawSound
                0x00025e10       0xbc /tmp/cc5B7SpI.ltrans1.ltrans.o
                0x00025e10                M_DrawSound
 .text.M_Episode
                0x00025ecc      0x10c /tmp/cc5B7SpI.ltrans1.ltrans.o
                0x00025ecc                M_Episode
 .text.M_ChangeDetail
                0x00025fd8       0x38 /tmp/cc5B7SpI.ltrans1.ltrans.o
                0x00025fd8                M_ChangeDetail
 .text.M_QuitResponse
                0x00026010       0x34 /tmp/cc5B7SpI.ltrans1.ltrans.o
                0x00026010                M_QuitResponse
 .text.AM_drawMline
                0x00026044      0x6a0 /tmp/cc5B7SpI.ltrans1.ltrans.o
                0x00026044                AM_drawMline
 .text.T_MoveCeiling
                0x000266e4      0x25c /tmp/cc5B7SpI.ltrans1.ltrans.o
                0x000266e4                T_MoveCeiling
 .text.T_VerticalDoor
                0x00026940      0x24c /tmp/cc5B7SpI.ltrans1.ltrans.o
                0x00026940                T_VerticalDoor
 .text.T_MoveFloor
                0x00026b8c      0x1b4 /tmp/cc5B7SpI.ltrans1.ltrans.o
                0x00026b8c                T_MoveFloor
 .text.P_Move   0x00026d40      0x200 /tmp/cc5B7SpI.ltrans1.ltrans.o
 .text.P_NewChaseDir
                0x00026f40      0x6a4 /tmp/cc5B7SpI.ltrans1.ltrans.o
 .text.A_Look   0x000275e4      0x270 /tmp/cc5B7SpI.ltrans1.ltrans.o
                0x000275e4                A_Look
 .text.A_CPosRefire
                0x00027854      0x128 /tmp/cc5B7SpI.ltrans1.ltrans.o
                0x00027854                A_CPosRefire
 .text.A_SpidRefire
                0x0002797c      0x128 /tmp/cc5B7SpI.ltrans1.ltrans.o
                0x0002797c                A_SpidRefire
 .text.A_SPosAttack
                0x00027aa4      0xa58 /tmp/cc5B7SpI.ltrans1.ltrans.o
                0x00027aa4                A_SPosAttack
 .text.A_BspiAttack
                0x000284fc      0x31c /tmp/cc5B7SpI.ltrans1.ltrans.o
                0x000284fc                A_BspiAttack
 .text.A_CyberAttack
                0x00028818      0x31c /tmp/cc5B7SpI.ltrans1.ltrans.o
                0x00028818                A_CyberAttack
 .text.A_SkelMissile
                0x00028b34      0x118 /tmp/cc5B7SpI.ltrans1.ltrans.o
                0x00028b34                A_SkelMissile
 .text.A_FatAttack1
                0x00028c4c      0x160 /tmp/cc5B7SpI.ltrans1.ltrans.o
                0x00028c4c                A_FatAttack1
 .text.A_FatAttack2
                0x00028dac      0x15c /tmp/cc5B7SpI.ltrans1.ltrans.o
                0x00028dac                A_FatAttack2
 .text.A_FatAttack3
                0x00028f08      0x128 /tmp/cc5B7SpI.ltrans1.ltrans.o
                0x00028f08                A_FatAttack3
 .text.A_BrainSpit
                0x00029030       0xbc /tmp/cc5B7SpI.ltrans1.ltrans.o
                0x00029030                A_BrainSpit
 .text.A_BrainScream
                0x000290ec      0x1a0 /tmp/cc5B7SpI.ltrans1.ltrans.o
                0x000290ec                A_BrainScream
 .text.A_BrainExplode
                0x0002928c      0x170 /tmp/cc5B7SpI.ltrans1.ltrans.o
                0x0002928c                A_BrainExplode
 .text.A_Tracer
                0x000293fc      0x244 /tmp/cc5B7SpI.ltrans1.ltrans.o
                0x000293fc                A_Tracer
 .text.A_VileTarget
                0x00029640      0x1ac /tmp/cc5B7SpI.ltrans1.ltrans.o
                0x00029640                A_VileTarget
 .text.A_StartFire
                0x000297ec      0x228 /tmp/cc5B7SpI.ltrans1.ltrans.o
                0x000297ec                A_StartFire
 .text.A_FireCrackle
                0x00029a14      0x228 /tmp/cc5B7SpI.ltrans1.ltrans.o
                0x00029a14                A_FireCrackle
 .text.A_Fire   0x00029c3c      0x228 /tmp/cc5B7SpI.ltrans1.ltrans.o
                0x00029c3c                A_Fire
 .text.A_Explode
                0x00029e64        0xc /tmp/cc5B7SpI.ltrans1.ltrans.o
                0x00029e64                A_Explode
 .text.G_CheckDemoStatus
                0x00029e70      0x230 /tmp/cc5B7SpI.ltrans1.ltrans.o
                0x00029e70                G_CheckDemoStatus
 .text.M_ReadSaveStrings
                0x0002a0a0      0x198 /tmp/cc5B7SpI.ltrans1.ltrans.o
                0x0002a0a0                M_ReadSaveStrings
 .text.M_LoadGame
                0x0002a238       0x74 /tmp/cc5B7SpI.ltrans1.ltrans.o
                0x0002a238                M_LoadGame
 .text.M_SaveGame
                0x0002a2ac       0x84 /tmp/cc5B7SpI.ltrans1.ltrans.o
                0x0002a2ac                M_SaveGame
 .text.M_CheckParm
                0x0002a330       0x94 /tmp/cc5B7SpI.ltrans1.ltrans.o
                0x0002a330                M_CheckParm
 .text.M_Drawer
                0x0002a3c4      0x524 /tmp/cc5B7SpI.ltrans1.ltrans.o
                0x0002a3c4                M_Drawer
 .text.FixedDiv
                0x0002a8e8      0x100 /tmp/cc5B7SpI.ltrans1.ltrans.o
                0x0002a8e8                FixedDiv
 .text.cht_CheckCheat
                0x0002a9e8      0x124 /tmp/cc5B7SpI.ltrans1.ltrans.o
                0x0002a9e8                cht_CheckCheat
 .text.P_Random
                0x0002ab0c       0x2c /tmp/cc5B7SpI.ltrans1.ltrans.o
                0x0002ab0c                P_Random
 .text.A_Chase  0x0002ab38      0x528 /tmp/cc5B7SpI.ltrans1.ltrans.o
                0x0002ab38                A_Chase
 .text.A_VileChase
                0x0002b060      0x3dc /tmp/cc5B7SpI.ltrans1.ltrans.o
                0x0002b060                A_VileChase
 .text.A_Hoof   0x0002b43c        0x4 /tmp/cc5B7SpI.ltrans1.ltrans.o
                0x0002b43c                A_Hoof
 .text.A_Metal  0x0002b440        0x4 /tmp/cc5B7SpI.ltrans1.ltrans.o
                0x0002b440                A_Metal
 .text.A_BabyMetal
                0x0002b444        0x4 /tmp/cc5B7SpI.ltrans1.ltrans.o
                0x0002b444                A_BabyMetal
 .text.AM_activateNewScale
                0x0002b448       0xe4 /tmp/cc5B7SpI.ltrans1.ltrans.o
                0x0002b448                AM_activateNewScale
 .text.AM_changeWindowLoc
                0x0002b52c       0xe8 /tmp/cc5B7SpI.ltrans1.ltrans.o
                0x0002b52c                AM_changeWindowLoc
 .text.AM_Drawer.part.0
                0x0002b614      0xac0 /tmp/cc5B7SpI.ltrans1.ltrans.o
                0x0002b614                AM_Drawer.part.0
 .text.EV_DoCeiling
                0x0002c0d4      0x2d0 /tmp/cc5B7SpI.ltrans1.ltrans.o
                0x0002c0d4                EV_DoCeiling
 .text.EV_DoDoor
                0x0002c3a4      0x374 /tmp/cc5B7SpI.ltrans1.ltrans.o
                0x0002c3a4                EV_DoDoor
 .text.A_KeenDie
                0x0002c718       0x7c /tmp/cc5B7SpI.ltrans1.ltrans.o
                0x0002c718                A_KeenDie
 .text.P_RecursiveSound
                0x0002c794      0x2bc /tmp/cc5B7SpI.ltrans1.ltrans.o
                0x0002c794                P_RecursiveSound
 .text.A_CloseShotgun2
                0x0002ca50      0x1c8 /tmp/cc5B7SpI.ltrans1.ltrans.o
                0x0002ca50                A_CloseShotgun2
 .text.EV_DoFloor
                0x0002cc18      0x6d0 /tmp/cc5B7SpI.ltrans1.ltrans.o
                0x0002cc18                EV_DoFloor
 .text.A_BossDeath
                0x0002d2e8      0x1e8 /tmp/cc5B7SpI.ltrans1.ltrans.o
                0x0002d2e8                A_BossDeath
 .text.EV_BuildStairs
                0x0002d4d0      0x228 /tmp/cc5B7SpI.ltrans1.ltrans.o
                0x0002d4d0                EV_BuildStairs
 .text.P_GiveAmmo
                0x0002d6f8      0x13c /tmp/cc5B7SpI.ltrans1.ltrans.o
                0x0002d6f8                P_GiveAmmo
 .text.P_GiveWeapon
                0x0002d834      0x15c /tmp/cc5B7SpI.ltrans1.ltrans.o
                0x0002d834                P_GiveWeapon
 .text.P_DamageMobj
                0x0002d990      0x8cc /tmp/cc5B7SpI.ltrans1.ltrans.o
                0x0002d990                P_DamageMobj
 .text.A_TroopAttack
                0x0002e25c      0x1cc /tmp/cc5B7SpI.ltrans1.ltrans.o
                0x0002e25c                A_TroopAttack
 .text.A_SargAttack
                0x0002e428      0x1b0 /tmp/cc5B7SpI.ltrans1.ltrans.o
                0x0002e428                A_SargAttack
 .text.A_HeadAttack
                0x0002e5d8      0x1d4 /tmp/cc5B7SpI.ltrans1.ltrans.o
                0x0002e5d8                A_HeadAttack
 .text.A_BruisAttack
                0x0002e7ac      0x11c /tmp/cc5B7SpI.ltrans1.ltrans.o
                0x0002e7ac                A_BruisAttack
 .text.A_SkelFist
                0x0002e8c8      0x1b8 /tmp/cc5B7SpI.ltrans1.ltrans.o
                0x0002e8c8                A_SkelFist
 .text.A_VileAttack
                0x0002ea80      0x1a8 /tmp/cc5B7SpI.ltrans1.ltrans.o
                0x0002ea80                A_VileAttack
 .text.A_PainShootSkull.part.0
                0x0002ec28      0x114 /tmp/cc5B7SpI.ltrans1.ltrans.o
 .text.A_PainAttack
                0x0002ed3c       0x98 /tmp/cc5B7SpI.ltrans1.ltrans.o
                0x0002ed3c                A_PainAttack
 .text.A_PainDie
                0x0002edd4      0x174 /tmp/cc5B7SpI.ltrans1.ltrans.o
                0x0002edd4                A_PainDie
 .text.P_SpawnStrobeFlash
                0x0002ef48      0x15c /tmp/cc5B7SpI.ltrans1.ltrans.o
                0x0002ef48                P_SpawnStrobeFlash
 .text.EV_LightTurnOn
                0x0002f0a4       0xbc /tmp/cc5B7SpI.ltrans1.ltrans.o
                0x0002f0a4                EV_LightTurnOn
 .text.P_TeleportMove
                0x0002f160      0x2f0 /tmp/cc5B7SpI.ltrans1.ltrans.o
                0x0002f160                P_TeleportMove
 .text.A_SpawnFly.part.0
                0x0002f450      0x20c /tmp/cc5B7SpI.ltrans1.ltrans.o
 .text.A_SpawnSound
                0x0002f65c       0x20 /tmp/cc5B7SpI.ltrans1.ltrans.o
                0x0002f65c                A_SpawnSound
 .text.A_SpawnFly
                0x0002f67c       0x20 /tmp/cc5B7SpI.ltrans1.ltrans.o
                0x0002f67c                A_SpawnFly
 .text.P_PointOnLineSide
                0x0002f69c       0x90 /tmp/cc5B7SpI.ltrans2.ltrans.o
                0x0002f69c                P_PointOnLineSide
 .text.A_CheckReload
                0x0002f72c      0x214 /tmp/cc5B7SpI.ltrans2.ltrans.o
                0x0002f72c                A_CheckReload
 .text.A_Lower  0x0002f940      0x138 /tmp/cc5B7SpI.ltrans2.ltrans.o
                0x0002f940                A_Lower
 .text.A_Raise  0x0002fa78       0xec /tmp/cc5B7SpI.ltrans2.ltrans.o
                0x0002fa78                A_Raise
 .text.A_Light0
                0x0002fb64        0x8 /tmp/cc5B7SpI.ltrans2.ltrans.o
                0x0002fb64                A_Light0
 .text.A_Light1
                0x0002fb6c        0xc /tmp/cc5B7SpI.ltrans2.ltrans.o
                0x0002fb6c                A_Light1
 .text.A_Light2
                0x0002fb78        0xc /tmp/cc5B7SpI.ltrans2.ltrans.o
                0x0002fb78                A_Light2
 .text.A_BFGsound
                0x0002fb84        0x4 /tmp/cc5B7SpI.ltrans2.ltrans.o
                0x0002fb84                A_BFGsound
 .text.PTR_SlideTraverse
                0x0002fb88      0x1a4 /tmp/cc5B7SpI.ltrans2.ltrans.o
 .text.PTR_AimTraverse
                0x0002fd2c      0x4f0 /tmp/cc5B7SpI.ltrans2.ltrans.o
                0x0002fd2c                PTR_AimTraverse
 .text.PIT_AddThingIntercepts
                0x0003021c      0x33c /tmp/cc5B7SpI.ltrans2.ltrans.o
                0x0003021c                PIT_AddThingIntercepts
 .text.P_CrossSubsector
                0x00030558      0xc94 /tmp/cc5B7SpI.ltrans2.ltrans.o
 .text.P_ChangeSwitchTexture
                0x000311ec      0x78c /tmp/cc5B7SpI.ltrans2.ltrans.o
 .text.P_UnsetThingPosition
                0x00031978       0xcc /tmp/cc5B7SpI.ltrans2.ltrans.o
                0x00031978                P_UnsetThingPosition
 .text.P_SetThingPosition
                0x00031a44      0x108 /tmp/cc5B7SpI.ltrans2.ltrans.o
                0x00031a44                P_SetThingPosition
 .text.P_CheckAmmo
                0x00031b4c      0x21c /tmp/cc5B7SpI.ltrans2.ltrans.o
                0x00031b4c                P_CheckAmmo
 .text.P_CrossBSPNode
                0x00031d68      0x218 /tmp/cc5B7SpI.ltrans2.ltrans.o
                0x00031d68                P_CrossBSPNode
 .text.P_CheckSight
                0x00031f80      0x144 /tmp/cc5B7SpI.ltrans2.ltrans.o
                0x00031f80                P_CheckSight
 .text.P_RadiusAttack
                0x000320c4      0x220 /tmp/cc5B7SpI.ltrans2.ltrans.o
                0x000320c4                P_RadiusAttack
 .text.P_FindNextHighestFloor
                0x000322e4       0xfc /tmp/cc5B7SpI.ltrans2.ltrans.o
                0x000322e4                P_FindNextHighestFloor
 .text.EV_DoPlat
                0x000323e0      0x490 /tmp/cc5B7SpI.ltrans2.ltrans.o
 .text.P_UseSpecialLine.part.0
                0x00032870      0x924 /tmp/cc5B7SpI.ltrans2.ltrans.o
                0x00032870                P_UseSpecialLine.part.0
 .text.P_SpawnMobj
                0x00033194      0x1a4 /tmp/cc5B7SpI.ltrans2.ltrans.o
                0x00033194                P_SpawnMobj
 .text.A_BFGSpray
                0x00033338      0xa7c /tmp/cc5B7SpI.ltrans2.ltrans.o
                0x00033338                A_BFGSpray
 .text.P_RemoveMobj
                0x00033db4      0x188 /tmp/cc5B7SpI.ltrans2.ltrans.o
                0x00033db4                P_RemoveMobj
 .text.P_CheckPosition
                0x00033f3c     0x1534 /tmp/cc5B7SpI.ltrans2.ltrans.o
                0x00033f3c                P_CheckPosition
 .text.P_TryMove
                0x00035470      0xb88 /tmp/cc5B7SpI.ltrans2.ltrans.o
                0x00035470                P_TryMove
 .text.P_ChangeSector
                0x00035ff8      0x334 /tmp/cc5B7SpI.ltrans2.ltrans.o
                0x00035ff8                P_ChangeSector
 .text.T_PlatRaise
                0x0003632c      0x2a0 /tmp/cc5B7SpI.ltrans2.ltrans.o
                0x0003632c                T_PlatRaise
 .text.A_WeaponReady
                0x000365cc      0x3cc /tmp/cc5B7SpI.ltrans2.ltrans.o
                0x000365cc                A_WeaponReady
 .text.A_ReFire
                0x00036998      0x1c8 /tmp/cc5B7SpI.ltrans2.ltrans.o
                0x00036998                A_ReFire
 .text.A_GunFlash
                0x00036b60      0x144 /tmp/cc5B7SpI.ltrans2.ltrans.o
                0x00036b60                A_GunFlash
 .text.A_FirePistol
                0x00036ca4      0xb5c /tmp/cc5B7SpI.ltrans2.ltrans.o
                0x00036ca4                A_FirePistol
 .text.A_FireCGun
                0x00037800      0x418 /tmp/cc5B7SpI.ltrans2.ltrans.o
                0x00037800                A_FireCGun
 .text.P_ExplodeMissile
                0x00037c18      0x12c /tmp/cc5B7SpI.ltrans2.ltrans.o
 .text.P_MobjThinker
                0x00037d44     0x2188 /tmp/cc5B7SpI.ltrans2.ltrans.o
                0x00037d44                P_MobjThinker
 .text.P_SpawnPlayerMissile
                0x00039ecc      0xb78 /tmp/cc5B7SpI.ltrans2.ltrans.o
 .text.A_FireMissile
                0x0003aa44       0x40 /tmp/cc5B7SpI.ltrans2.ltrans.o
                0x0003aa44                A_FireMissile
 .text.A_FireBFG
                0x0003aa84       0x40 /tmp/cc5B7SpI.ltrans2.ltrans.o
                0x0003aa84                A_FireBFG
 .text.A_FirePlasma
                0x0003aac4      0x11c /tmp/cc5B7SpI.ltrans2.ltrans.o
                0x0003aac4                A_FirePlasma
 .text.P_SpawnPlayer
                0x0003abe0      0xb7c /tmp/cc5B7SpI.ltrans2.ltrans.o
                0x0003abe0                P_SpawnPlayer
 .text.P_SpawnPuff
                0x0003b75c      0x14c /tmp/cc5B7SpI.ltrans2.ltrans.o
                0x0003b75c                P_SpawnPuff
 .text.PTR_ShootTraverse
                0x0003b8a8      0x824 /tmp/cc5B7SpI.ltrans2.ltrans.o
                0x0003b8a8                PTR_ShootTraverse
 .text.A_Punch  0x0003c0cc      0x9cc /tmp/cc5B7SpI.ltrans2.ltrans.o
                0x0003c0cc                A_Punch
 .text.A_Saw    0x0003ca98      0xa18 /tmp/cc5B7SpI.ltrans2.ltrans.o
                0x0003ca98                A_Saw
 .text.A_FireShotgun
                0x0003d4b0      0xb7c /tmp/cc5B7SpI.ltrans2.ltrans.o
                0x0003d4b0                A_FireShotgun
 .text.A_FireShotgun2
                0x0003e02c      0xbbc /tmp/cc5B7SpI.ltrans2.ltrans.o
                0x0003e02c                A_FireShotgun2
 .text.P_SpawnMissile
                0x0003ebe8      0x344 /tmp/cc5B7SpI.ltrans2.ltrans.o
                0x0003ebe8                P_SpawnMissile
 .text.R_DrawMaskedColumn
                0x0003ef2c      0x1ac /tmp/cc5B7SpI.ltrans3.ltrans.o
 .text.P_CalcHeight.constprop.0
                0x0003f0d8      0x170 /tmp/cc5B7SpI.ltrans3.ltrans.o
 .text.P_MovePsprites.constprop.0
                0x0003f248      0x120 /tmp/cc5B7SpI.ltrans3.ltrans.o
 .text.R_DrawColumn
                0x0003f368       0xe4 /tmp/cc5B7SpI.ltrans3.ltrans.o
 .text.R_DrawColumnLow
                0x0003f44c      0x10c /tmp/cc5B7SpI.ltrans3.ltrans.o
 .text.R_DrawFuzzColumn
                0x0003f558      0x110 /tmp/cc5B7SpI.ltrans3.ltrans.o
 .text.R_DrawTranslatedColumn
                0x0003f668       0xf0 /tmp/cc5B7SpI.ltrans3.ltrans.o
 .text.R_DrawSpan
                0x0003f758       0xf4 /tmp/cc5B7SpI.ltrans3.ltrans.o
 .text.R_DrawSpanLow
                0x0003f84c      0x128 /tmp/cc5B7SpI.ltrans3.ltrans.o
 .text.W_LumpLength
                0x0003f974       0x38 /tmp/cc5B7SpI.ltrans3.ltrans.o
                0x0003f974                W_LumpLength
 .text.R_StoreWallRange
                0x0003f9ac     0x181c /tmp/cc5B7SpI.ltrans3.ltrans.o
 .text.V_CopyRect.constprop.1
                0x000411c8      0x15c /tmp/cc5B7SpI.ltrans3.ltrans.o
 .text.R_FindPlane
                0x00041324      0x118 /tmp/cc5B7SpI.ltrans3.ltrans.o
 .text.V_DrawPatch.constprop.0
                0x0004143c      0x120 /tmp/cc5B7SpI.ltrans3.ltrans.o
 .text.P_SetMobjState.isra.0
                0x0004155c       0xc0 /tmp/cc5B7SpI.ltrans3.ltrans.o
                0x0004155c                P_SetMobjState.isra.0
 .text.R_PrecacheLevel
                0x0004161c      0x44c /tmp/cc5B7SpI.ltrans3.ltrans.o
                0x0004161c                R_PrecacheLevel
 .text.R_PointToAngle
                0x00041a68      0x2ac /tmp/cc5B7SpI.ltrans3.ltrans.o
                0x00041a68                R_PointToAngle
 .text.R_Subsector
                0x00041d14      0x9cc /tmp/cc5B7SpI.ltrans3.ltrans.o
 .text.R_RenderBSPNode
                0x000426e0      0x3a0 /tmp/cc5B7SpI.ltrans3.ltrans.o
                0x000426e0                R_RenderBSPNode
 .text.R_ExecuteSetViewSize
                0x00042a80      0x5c8 /tmp/cc5B7SpI.ltrans3.ltrans.o
                0x00042a80                R_ExecuteSetViewSize
 .text.R_PointInSubsector
                0x00043048      0x120 /tmp/cc5B7SpI.ltrans3.ltrans.o
                0x00043048                R_PointInSubsector
 .text.R_MapPlane
                0x00043168      0x268 /tmp/cc5B7SpI.ltrans3.ltrans.o
                0x00043168                R_MapPlane
 .text.R_RenderMaskedSegRange
                0x000433d0      0x3b0 /tmp/cc5B7SpI.ltrans3.ltrans.o
                0x000433d0                R_RenderMaskedSegRange
 .text.R_InstallSpriteLump
                0x00043780      0x160 /tmp/cc5B7SpI.ltrans3.ltrans.o
                0x00043780                R_InstallSpriteLump
 .text.W_CheckNumForName
                0x000438e0       0xe8 /tmp/cc5B7SpI.ltrans3.ltrans.o
                0x000438e0                W_CheckNumForName
 .text.W_GetNumForName
                0x000439c8       0x3c /tmp/cc5B7SpI.ltrans3.ltrans.o
                0x000439c8                W_GetNumForName
 .text.W_CacheLumpName.isra.0
                0x00043a04       0x74 /tmp/cc5B7SpI.ltrans3.ltrans.o